<html>
<body>
<pre>
<h1>µVision Build Log</h1>
<h2>Tool Versions:</h2>
IDE-Version: £gVision V5.43.1.0
Copyright (C) 2025 ARM Ltd and ARM Germany GmbH. All rights reserved.
License Information: 1 ASUS
YunTech
User-based license: Keil MDK Community (non-commercial free of charge)
Valid until: Jun 1 2033. Cached until: Jun 20 2026
 
Tool Versions:
Toolchain:       Keil MDK Community (non-commercial free of charge  Version: 5.43.0.0
Toolchain Path:  C:\Users\ASUS\AppData\Local\Keil_v5\ARM\ARMCLANG\Bin
C Compiler:      ArmClang.exe V6.24
Assembler:       Armasm.exe V6.24
Linker/Locator:  ArmLink.exe V6.24
Library Manager: ArmAr.exe V6.24
Hex Converter:   FromElf.exe V6.24
CPU DLL:         SARMCM3.DLL V5.43.0.0
Dialog DLL:      DCM.DLL V1.17.5.0
Target DLL:      CMSIS_AGDI.dll V1.33.24.0
Dialog DLL:      TCM.DLL V1.56.6.0
 
<h2>Project:</h2>
D:\stm32\go side\MDK-ARM\control.uvprojx
Project File Date:  06/07/2026

<h2>Output:</h2>
*** Using Compiler 'V6.24', folder: 'C:\Users\ASUS\AppData\Local\Keil_v5\ARM\ARMCLANG\Bin'
Rebuild target 'control'
assembling startup_stm32f10x_hd.s...
compiling usart.c...
compiling usb_device.c...
compiling usbd_desc.c...
compiling stm32f1xx_hal_msp.c...
compiling tim.c...
compiling i2c.c...
compiling stm32f1xx_it.c...
compiling gpio.c...
compiling usbd_cdc_if.c...
compiling main.c...
compiling stm32f1xx_hal_gpio_ex.c...
compiling usbd_conf.c...
compiling stm32f1xx_hal_pcd_ex.c...
compiling stm32f1xx_hal.c...
compiling stm32f1xx_hal_rcc_ex.c...
compiling stm32f1xx_hal_cortex.c...
compiling stm32f1xx_hal_rcc.c...
compiling stm32f1xx_hal_dma.c...
compiling stm32f1xx_hal_gpio.c...
compiling stm32f1xx_hal_pcd.c...
compiling stm32f1xx_hal_flash.c...
compiling stm32f1xx_hal_pwr.c...
compiling stm32f1xx_ll_usb.c...
compiling stm32f1xx_hal_flash_ex.c...
compiling stm32f1xx_hal_exti.c...
compiling system_stm32f1xx.c...
compiling usbd_ioreq.c...
compiling usbd_core.c...
compiling usbd_ctlreq.c...
compiling usbd_cdc.c...
compiling stm32f1xx_hal_tim_ex.c...
compiling stm32f1xx_hal_uart.c...
compiling stm32f1xx_hal_tim.c...
compiling stm32f1xx_hal_i2c.c...
linking...
Program Size: Code=24806 RO-data=378 RW-data=32 ZI-data=2744  
FromELF: creating hex file...
"control\control.axf" - 0 Error(s), 0 Warning(s).

<h2>Software Packages used:</h2>

Package Vendor: ARM
                https://www.keil.com/pack/ARM.CMSIS.6.3.0.pack
                ARM::CMSIS@6.3.0
                CMSIS (Common Microcontroller Software Interface Standard)
   * Component: CORE Version: 6.2.0

Package Vendor: Keil
                https://www.keil.com/pack/Keil.STM32F1xx_DFP.2.4.1.pack
                Keil::STM32F1xx_DFP@2.4.1
                STMicroelectronics STM32F1 Series Device Support, Drivers and Examples

<h2>Collection of Component include folders:</h2>
  ./RTE/_control
  C:/Users/ASUS/AppData/Local/Arm/Packs/ARM/CMSIS/6.3.0/CMSIS/Core/Include
  C:/Users/ASUS/AppData/Local/Arm/Packs/Keil/STM32F1xx_DFP/2.4.1/Device/Include

<h2>Collection of Component Files used:</h2>

   * Component: ARM::CMSIS:CORE@6.2.0
Build Time Elapsed:  00:00:04
</pre>
</body>
</html>
