Component: Arm Compiler for Embedded 6.24 Tool: armlink [5f371500]

==============================================================================

Section Cross References

    startup_stm32f10x_hd.o(STACK) refers (Special) to heapauxi.o(.text) for __use_two_region_memory
    startup_stm32f10x_hd.o(HEAP) refers (Special) to heapauxi.o(.text) for __use_two_region_memory
    startup_stm32f10x_hd.o(RESET) refers (Special) to heapauxi.o(.text) for __use_two_region_memory
    startup_stm32f10x_hd.o(RESET) refers to startup_stm32f10x_hd.o(STACK) for __initial_sp
    startup_stm32f10x_hd.o(RESET) refers to startup_stm32f10x_hd.o(.text) for Reset_Handler
    startup_stm32f10x_hd.o(RESET) refers to stm32f1xx_it.o(.text.NMI_Handler) for NMI_Handler
    startup_stm32f10x_hd.o(RESET) refers to stm32f1xx_it.o(.text.HardFault_Handler) for HardFault_Handler
    startup_stm32f10x_hd.o(RESET) refers to stm32f1xx_it.o(.text.MemManage_Handler) for MemManage_Handler
    startup_stm32f10x_hd.o(RESET) refers to stm32f1xx_it.o(.text.BusFault_Handler) for BusFault_Handler
    startup_stm32f10x_hd.o(RESET) refers to stm32f1xx_it.o(.text.UsageFault_Handler) for UsageFault_Handler
    startup_stm32f10x_hd.o(RESET) refers to stm32f1xx_it.o(.text.SVC_Handler) for SVC_Handler
    startup_stm32f10x_hd.o(RESET) refers to stm32f1xx_it.o(.text.DebugMon_Handler) for DebugMon_Handler
    startup_stm32f10x_hd.o(RESET) refers to stm32f1xx_it.o(.text.PendSV_Handler) for PendSV_Handler
    startup_stm32f10x_hd.o(RESET) refers to stm32f1xx_it.o(.text.SysTick_Handler) for SysTick_Handler
    startup_stm32f10x_hd.o(RESET) refers to stm32f1xx_it.o(.text.USB_HP_CAN1_TX_IRQHandler) for USB_HP_CAN1_TX_IRQHandler
    startup_stm32f10x_hd.o(RESET) refers to stm32f1xx_it.o(.text.USB_LP_CAN1_RX0_IRQHandler) for USB_LP_CAN1_RX0_IRQHandler
    startup_stm32f10x_hd.o(RESET) refers to stm32f1xx_it.o(.text.TIM1_TRG_COM_IRQHandler) for TIM1_TRG_COM_IRQHandler
    startup_stm32f10x_hd.o(RESET) refers to stm32f1xx_it.o(.text.TIM1_CC_IRQHandler) for TIM1_CC_IRQHandler
    startup_stm32f10x_hd.o(RESET) refers to stm32f1xx_it.o(.text.TIM2_IRQHandler) for TIM2_IRQHandler
    startup_stm32f10x_hd.o(RESET) refers to stm32f1xx_it.o(.text.USART1_IRQHandler) for USART1_IRQHandler
    startup_stm32f10x_hd.o(.text) refers (Special) to heapauxi.o(.text) for __use_two_region_memory
    startup_stm32f10x_hd.o(.text) refers to system_stm32f1xx.o(.text.SystemInit) for SystemInit
    startup_stm32f10x_hd.o(.text) refers to __main.o(!!!main) for __main
    startup_stm32f10x_hd.o(.text) refers to startup_stm32f10x_hd.o(HEAP) for Heap_Mem
    startup_stm32f10x_hd.o(.text) refers to startup_stm32f10x_hd.o(STACK) for Stack_Mem
    main.o(.text.main) refers to stm32f1xx_hal.o(.text.HAL_Init) for HAL_Init
    main.o(.text.main) refers to stm32f1xx_hal_rcc.o(.text.HAL_RCC_OscConfig) for HAL_RCC_OscConfig
    main.o(.text.main) refers to stm32f1xx_hal_rcc.o(.text.HAL_RCC_ClockConfig) for HAL_RCC_ClockConfig
    main.o(.text.main) refers to gpio.o(.text.MX_GPIO_Init) for MX_GPIO_Init
    main.o(.text.main) refers to tim.o(.text.MX_TIM2_Init) for MX_TIM2_Init
    main.o(.text.main) refers to i2c.o(.text.MX_I2C1_Init) for MX_I2C1_Init
    main.o(.text.main) refers to stm32f1xx_hal.o(.text.HAL_Delay) for HAL_Delay
    main.o(.text.main) refers to tim.o(.bss.htim2) for htim2
    main.o(.text.main) refers to stm32f1xx_hal_tim.o(.text.HAL_TIM_PWM_Start) for HAL_TIM_PWM_Start
    main.o(.text.main) refers to stm32f1xx_hal_gpio.o(.text.HAL_GPIO_WritePin) for HAL_GPIO_WritePin
    main.o(.text.main) refers to i2c.o(.bss.hi2c1) for hi2c1
    main.o(.text.main) refers to stm32f1xx_hal_i2c.o(.text.HAL_I2C_Mem_Read) for HAL_I2C_Mem_Read
    main.o(.text.main) refers to stm32f1xx_hal_i2c.o(.text.HAL_I2C_Mem_Write) for HAL_I2C_Mem_Write
    main.o(.text.main) refers to main.o(.bss..L_MergedGlobals.2) for .L_MergedGlobals.2
    main.o(.text.main) refers to main.o(.text.MPU6050_ProcessData) for MPU6050_ProcessData
    main.o(.text.main) refers to faddsub_clz.o(x$fpl$fadd) for __aeabi_fadd
    main.o(.text.main) refers to fdiv.o(x$fpl$fdiv) for __aeabi_fdiv
    main.o(.text.main) refers to stm32f1xx_hal.o(.text.HAL_GetTick) for HAL_GetTick
    main.o(.text.main) refers to fflt_clz.o(x$fpl$ffltu) for __aeabi_ui2f
    main.o(.text.main) refers to fflt_clz.o(x$fpl$fflt) for __aeabi_i2f
    main.o(.text.main) refers to fmul.o(x$fpl$fmul) for __aeabi_fmul
    main.o(.text.main) refers to atan2f.o(i.atan2f) for atan2f
    main.o(.text.main) refers to faddsub_clz.o(x$fpl$fsub) for __aeabi_fsub
    main.o(.text.main) refers to stm32f1xx_hal_gpio.o(.text.HAL_GPIO_ReadPin) for HAL_GPIO_ReadPin
    main.o(.text.main) refers to fcmp.o(x$fpl$fcmp) for __aeabi_fcmple
    main.o(.text.main) refers to main.o(.data..L_MergedGlobals) for .L_MergedGlobals
    main.o(.text.main) refers to ffix.o(x$fpl$ffix) for __aeabi_f2iz
    main.o(.ARM.exidx.text.main) refers to main.o(.text.main) for [Anonymous Symbol]
[...]
    [Anonymous Symbol]                       0x080002e4   Section        0  stm32f1xx_hal_dma.o(.text.HAL_DMA_Abort)
    [Anonymous Symbol]                       0x0800032c   Section        0  stm32f1xx_hal_dma.o(.text.HAL_DMA_Abort_IT)
    [Anonymous Symbol]                       0x080003e4   Section        0  stm32f1xx_hal.o(.text.HAL_Delay)
    [Anonymous Symbol]                       0x0800040c   Section        0  stm32f1xx_hal_gpio.o(.text.HAL_GPIO_Init)
    [Anonymous Symbol]                       0x0800061c   Section        0  stm32f1xx_hal_gpio.o(.text.HAL_GPIO_ReadPin)
    [Anonymous Symbol]                       0x08000628   Section        0  stm32f1xx_hal_gpio.o(.text.HAL_GPIO_WritePin)
    [Anonymous Symbol]                       0x08000634   Section        0  stm32f1xx_hal.o(.text.HAL_GetTick)
    [Anonymous Symbol]                       0x08000640   Section        0  stm32f1xx_hal_i2c.o(.text.HAL_I2C_Init)
    [Anonymous Symbol]                       0x080007a4   Section        0  stm32f1xx_hal_i2c.o(.text.HAL_I2C_Mem_Read)
    [Anonymous Symbol]                       0x08000af0   Section        0  stm32f1xx_hal_i2c.o(.text.HAL_I2C_Mem_Write)
    [Anonymous Symbol]                       0x08000c4c   Section        0  i2c.o(.text.HAL_I2C_MspInit)
    [Anonymous Symbol]                       0x08000cb8   Section        0  stm32f1xx_hal.o(.text.HAL_IncTick)
    [Anonymous Symbol]                       0x08000cd4   Section        0  stm32f1xx_hal.o(.text.HAL_Init)
    [Anonymous Symbol]                       0x08000cfc   Section        0  stm32f1xx_hal.o(.text.HAL_InitTick)
    [Anonymous Symbol]                       0x08000d44   Section        0  stm32f1xx_hal_msp.o(.text.HAL_MspInit)
    [Anonymous Symbol]                       0x08000d78   Section        0  stm32f1xx_hal_cortex.o(.text.HAL_NVIC_EnableIRQ)
    [Anonymous Symbol]                       0x08000d9c   Section        0  stm32f1xx_hal_cortex.o(.text.HAL_NVIC_SetPriority)
    [Anonymous Symbol]                       0x08000df4   Section        0  stm32f1xx_hal_cortex.o(.text.HAL_NVIC_SetPriorityGrouping)
    [Anonymous Symbol]                       0x08000e14   Section        0  usbd_conf.o(.text.HAL_PCD_DataInStageCallback)
    [Anonymous Symbol]                       0x08000e28   Section        0  usbd_conf.o(.text.HAL_PCD_DataOutStageCallback)
    [Anonymous Symbol]                       0x08000e40   Section        0  stm32f1xx_hal_pcd.o(.text.HAL_PCD_EP_ClrStall)
    [Anonymous Symbol]                       0x08000ea0   Section        0  stm32f1xx_hal_pcd.o(.text.HAL_PCD_EP_Open)
    [Anonymous Symbol]                       0x08000efc   Section        0  stm32f1xx_hal_pcd.o(.text.HAL_PCD_EP_Receive)
    [Anonymous Symbol]                       0x08000f30   Section        0  stm32f1xx_hal_pcd.o(.text.HAL_PCD_EP_SetStall)
    [Anonymous Symbol]                       0x08000f9c   Section        0  stm32f1xx_hal_pcd.o(.text.HAL_PCD_EP_Transmit)
    [Anonymous Symbol]                       0x08000fd4   Section        0  stm32f1xx_hal_pcd.o(.text.HAL_PCD_IRQHandler)
    [Anonymous Symbol]                       0x08001910   Section        0  usbd_conf.o(.text.HAL_PCD_ResetCallback)
    [Anonymous Symbol]                       0x08001934   Section        0  usbd_conf.o(.text.HAL_PCD_ResumeCallback)
    [Anonymous Symbol]                       0x0800193c   Section        0  usbd_conf.o(.text.HAL_PCD_SOFCallback)
    [Anonymous Symbol]                       0x08001944   Section        0  stm32f1xx_hal_pcd.o(.text.HAL_PCD_SetAddress)
    [Anonymous Symbol]                       0x0800196c   Section        0  usbd_conf.o(.text.HAL_PCD_SetupStageCallback)
    [Anonymous Symbol]                       0x0800197c   Section        0  usbd_conf.o(.text.HAL_PCD_SuspendCallback)
    [Anonymous Symbol]                       0x080019a4   Section        0  stm32f1xx_hal_rcc.o(.text.HAL_RCC_ClockConfig)
    [Anonymous Symbol]                       0x08001b60   Section        0  stm32f1xx_hal_rcc.o(.text.HAL_RCC_GetPCLK1Freq)
    [Anonymous Symbol]                       0x08001b88   Section        0  stm32f1xx_hal_rcc.o(.text.HAL_RCC_OscConfig)
    [Anonymous Symbol]                       0x08001f88   Section        0  stm32f1xx_hal_cortex.o(.text.HAL_SYSTICK_Config)
    [Anonymous Symbol]                       0x08001fb4   Section        0  stm32f1xx_hal_tim_ex.o(.text.HAL_TIMEx_BreakCallback)
    [Anonymous Symbol]                       0x08001fb8   Section        0  stm32f1xx_hal_tim_ex.o(.text.HAL_TIMEx_CommutCallback)
    [Anonymous Symbol]                       0x08001fbc   Section        0  stm32f1xx_hal_tim_ex.o(.text.HAL_TIMEx_MasterConfigSynchronization)
    [Anonymous Symbol]                       0x0800203c   Section        0  stm32f1xx_hal_tim.o(.text.HAL_TIM_Base_Init)
    [Anonymous Symbol]                       0x08002138   Section        0  tim.o(.text.HAL_TIM_Base_MspInit)
    [Anonymous Symbol]                       0x080021b8   Section        0  stm32f1xx_hal_tim.o(.text.HAL_TIM_ConfigClockSource)
    [Anonymous Symbol]                       0x08002358   Section        0  stm32f1xx_hal_tim.o(.text.HAL_TIM_IC_CaptureCallback)
    [Anonymous Symbol]                       0x0800235c   Section        0  stm32f1xx_hal_tim.o(.text.HAL_TIM_IRQHandler)
    [Anonymous Symbol]                       0x080024ac   Section        0  stm32f1xx_hal_tim.o(.text.HAL_TIM_OC_DelayElapsedCallback)
    [Anonymous Symbol]                       0x080024b0   Section        0  stm32f1xx_hal_tim.o(.text.HAL_TIM_PWM_ConfigChannel)
    [Anonymous Symbol]                       0x080026b4   Section        0  stm32f1xx_hal_tim.o(.text.HAL_TIM_PWM_Init)
    [Anonymous Symbol]                       0x080027b0   Section        0  stm32f1xx_hal_tim.o(.text.HAL_TIM_PWM_MspInit)
    [Anonymous Symbol]                       0x080027b4   Section        0  stm32f1xx_hal_tim.o(.text.HAL_TIM_PWM_PulseFinishedCallback)
    [Anonymous Symbol]                       0x080027b8   Section        0  stm32f1xx_hal_tim.o(.text.HAL_TIM_PWM_Start)
    [Anonymous Symbol]                       0x08002894   Section        0  stm32f1xx_hal_tim.o(.text.HAL_TIM_PeriodElapsedCallback)
    [Anonymous Symbol]                       0x08002898   Section        0  stm32f1xx_hal_tim.o(.text.HAL_TIM_TriggerCallback)
    [Anonymous Symbol]                       0x0800289c   Section        0  stm32f1xx_hal_uart.o(.text.HAL_UARTEx_RxEventCallback)
    [Anonymous Symbol]                       0x080028a0   Section        0  stm32f1xx_hal_uart.o(.text.HAL_UART_ErrorCallback)
    [Anonymous Symbol]                       0x080028a4   Section        0  stm32f1xx_hal_uart.o(.text.HAL_UART_IRQHandler)
    [Anonymous Symbol]                       0x08002e14   Section        0  stm32f1xx_hal_uart.o(.text.HAL_UART_RxCpltCallback)
    [Anonymous Symbol]                       0x08002e18   Section        0  stm32f1xx_hal_uart.o(.text.HAL_UART_TxCpltCallback)
    [Anonymous Symbol]                       0x08002e1c   Section        0  stm32f1xx_it.o(.text.HardFault_Handler)
    I2C_RequestMemoryRead                    0x08002e21   Thumb Code   274  stm32f1xx_hal_i2c.o(.text.I2C_RequestMemoryRead)
    [Anonymous Symbol]                       0x08002e20   Section        0  stm32f1xx_hal_i2c.o(.text.I2C_RequestMemoryRead)
    I2C_RequestMemoryWrite                   0x08002f35   Thumb Code   200  stm32f1xx_hal_i2c.o(.text.I2C_RequestMemoryWrite)
    [Anonymous Symbol]                       0x08002f34   Section        0  stm32f1xx_hal_i2c.o(.text.I2C_RequestMemoryWrite)
    I2C_WaitOnBTFFlagUntilTimeout            0x08002ffd   Thumb Code   186  stm32f1xx_hal_i2c.o(.text.I2C_WaitOnBTFFlagUntilTimeout)
    [Anonymous Symbol]                       0x08002ffc   Section        0  stm32f1xx_hal_i2c.o(.text.I2C_WaitOnBTFFlagUntilTimeout)
    I2C_WaitOnFlagUntilTimeout               0x080030b9   Thumb Code   458  stm32f1xx_hal_i2c.o(.text.I2C_WaitOnFlagUntilTimeout)
    [Anonymous Symbol]                       0x080030b8   Section        0  stm32f1xx_hal_i2c.o(.text.I2C_WaitOnFlagUntilTimeout)
    I2C_WaitOnMasterAddressFlagUntilTimeout  0x08003285   Thumb Code   214  stm32f1xx_hal_i2c.o(.text.I2C_WaitOnMasterAddressFlagUntilTimeout)
    [Anonymous Symbol]                       0x08003284   Section        0  stm32f1xx_hal_i2c.o(.text.I2C_WaitOnMasterAddressFlagUntilTimeout)
    I2C_WaitOnRXNEFlagUntilTimeout           0x0800335d   Thumb Code   144  stm32f1xx_hal_i2c.o(.text.I2C_WaitOnRXNEFlagUntilTimeout)
    [Anonymous Symbol]                       0x0800335c   Section        0  stm32f1xx_hal_i2c.o(.text.I2C_WaitOnRXNEFlagUntilTimeout)
    I2C_WaitOnTXEFlagUntilTimeout            0x080033ed   Thumb Code   186  stm32f1xx_hal_i2c.o(.text.I2C_WaitOnTXEFlagUntilTimeout)
    [Anonymous Symbol]                       0x080033ec   Section        0  stm32f1xx_hal_i2c.o(.text.I2C_WaitOnTXEFlagUntilTimeout)
    MPU6050_ProcessData                      0x080034a9   Thumb Code   260  main.o(.text.MPU6050_ProcessData)
    [Anonymous Symbol]                       0x080034a8   Section        0  main.o(.text.MPU6050_ProcessData)
    [Anonymous Symbol]                       0x080035ac   Section        0  gpio.o(.text.MX_GPIO_Init)
    [Anonymous Symbol]                       0x08003688   Section        0  i2c.o(.text.MX_I2C1_Init)
    [Anonymous Symbol]                       0x080036cc   Section        0  tim.o(.text.MX_TIM2_Init)
    [Anonymous Symbol]                       0x080037e8   Section        0  stm32f1xx_it.o(.text.MemManage_Handler)
    [Anonymous Symbol]                       0x080037ec   Section        0  stm32f1xx_it.o(.text.NMI_Handler)
    [Anonymous Symbol]                       0x080037f0   Section        0  stm32f1xx_it.o(.text.PendSV_Handler)
    [Anonymous Symbol]                       0x080037f4   Section        0  stm32f1xx_it.o(.text.SVC_Handler)
    [Anonymous Symbol]                       0x080037f8   Section        0  stm32f1xx_it.o(.text.SysTick_Handler)
    [Anonymous Symbol]                       0x080037fc   Section        0  system_stm32f1xx.o(.text.SystemInit)
    [Anonymous Symbol]                       0x08003800   Section        0  stm32f1xx_it.o(.text.TIM1_CC_IRQHandler)
    [Anonymous Symbol]                       0x0800380c   Section        0  stm32f1xx_it.o(.text.TIM1_TRG_COM_IRQHandler)
    [Anonymous Symbol]                       0x08003818   Section        0  stm32f1xx_it.o(.text.TIM2_IRQHandler)
    UART_DMAAbortOnError                     0x08003825   Thumb Code    12  stm32f1xx_hal_uart.o(.text.UART_DMAAbortOnError)
    [Anonymous Symbol]                       0x08003824   Section        0  stm32f1xx_hal_uart.o(.text.UART_DMAAbortOnError)
    UART_Receive_IT                          0x08003831   Thumb Code   254  stm32f1xx_hal_uart.o(.text.UART_Receive_IT)
    [Anonymous Symbol]                       0x08003830   Section        0  stm32f1xx_hal_uart.o(.text.UART_Receive_IT)
    [Anonymous Symbol]                       0x08003930   Section        0  stm32f1xx_it.o(.text.USART1_IRQHandler)
    [Anonymous Symbol]                       0x0800393c   Section        0  usbd_core.o(.text.USBD_ClrClassConfig)
    [Anonymous Symbol]                       0x0800394c   Section        0  usbd_ioreq.o(.text.USBD_CtlContinueRx)
    [Anonymous Symbol]                       0x0800395c   Section        0  usbd_ioreq.o(.text.USBD_CtlContinueSendData)
    [Anonymous Symbol]                       0x0800396c   Section        0  usbd_ioreq.o(.text.USBD_CtlReceiveStatus)
    [Anonymous Symbol]                       0x08003984   Section        0  usbd_ioreq.o(.text.USBD_CtlSendData)
    [Anonymous Symbol]                       0x080039a0   Section        0  usbd_ioreq.o(.text.USBD_CtlSendStatus)
    [Anonymous Symbol]                       0x080039b8   Section        0  usbd_conf.o(.text.USBD_LL_ClearStallEP)
    [Anonymous Symbol]                       0x080039dc   Section        0  usbd_core.o(.text.USBD_LL_DataInStage)
    [Anonymous Symbol]                       0x08003aa8   Section        0  usbd_core.o(.text.USBD_LL_DataOutStage)
    [Anonymous Symbol]                       0x08003b24   Section        0  usbd_conf.o(.text.USBD_LL_IsStallEP)
    [Anonymous Symbol]                       0x08003b50   Section        0  usbd_conf.o(.text.USBD_LL_OpenEP)
    [Anonymous Symbol]                       0x08003b78   Section        0  usbd_conf.o(.text.USBD_LL_PrepareReceive)
    [Anonymous Symbol]                       0x08003b9c   Section        0  usbd_core.o(.text.USBD_LL_Reset)
    [Anonymous Symbol]                       0x08003bf0   Section        0  usbd_core.o(.text.USBD_LL_Resume)
    [Anonymous Symbol]                       0x08003c04   Section        0  usbd_core.o(.text.USBD_LL_SOF)
    [Anonymous Symbol]                       0x08003c20   Section        0  usbd_core.o(.text.USBD_LL_SetSpeed)
    [Anonymous Symbol]                       0x08003c28   Section        0  usbd_conf.o(.text.USBD_LL_SetUSBAddress)
    [Anonymous Symbol]                       0x08003c4c   Section        0  usbd_core.o(.text.USBD_LL_SetupStage)
    [Anonymous Symbol]                       0x08003ca8   Section        0  usbd_conf.o(.text.USBD_LL_StallEP)
    [Anonymous Symbol]                       0x08003ccc   Section        0  usbd_core.o(.text.USBD_LL_Suspend)
    [Anonymous Symbol]                       0x08003ce0   Section        0  usbd_conf.o(.text.USBD_LL_Transmit)
    [Anonymous Symbol]                       0x08003d04   Section        0  usbd_ctlreq.o(.text.USBD_ParseSetupRequest)
    [Anonymous Symbol]                       0x08003d1c   Section        0  usbd_core.o(.text.USBD_SetClassConfig)
    [Anonymous Symbol]                       0x08003d38   Section        0  usbd_ctlreq.o(.text.USBD_StdDevReq)
    [Anonymous Symbol]                       0x08004024   Section        0  usbd_ctlreq.o(.text.USBD_StdEPReq)
    [Anonymous Symbol]                       0x0800416c   Section        0  usbd_ctlreq.o(.text.USBD_StdItfReq)
    [Anonymous Symbol]                       0x080041c0   Section        0  stm32f1xx_ll_usb.o(.text.USB_ActivateEndpoint)
    [Anonymous Symbol]                       0x0800443c   Section        0  stm32f1xx_ll_usb.o(.text.USB_EP0_OutStart)
    [Anonymous Symbol]                       0x08004440   Section        0  stm32f1xx_ll_usb.o(.text.USB_EPClearStall)
    [Anonymous Symbol]                       0x080044b4   Section        0  stm32f1xx_ll_usb.o(.text.USB_EPSetStall)
    [Anonymous Symbol]                       0x080044e8   Section        0  stm32f1xx_ll_usb.o(.text.USB_EPStartXfer)
    [Anonymous Symbol]                       0x08004d1c   Section        0  stm32f1xx_it.o(.text.USB_HP_CAN1_TX_IRQHandler)
    [Anonymous Symbol]                       0x08004d28   Section        0  stm32f1xx_it.o(.text.USB_LP_CAN1_RX0_IRQHandler)
    [Anonymous Symbol]                       0x08004d34   Section        0  stm32f1xx_ll_usb.o(.text.USB_ReadInterrupts)
    [Anonymous Symbol]                       0x08004d3c   Section        0  stm32f1xx_ll_usb.o(.text.USB_ReadPMA)
    [Anonymous Symbol]                       0x08004df0   Section        0  stm32f1xx_ll_usb.o(.text.USB_SetDevAddress)
    [Anonymous Symbol]                       0x08004e00   Section        0  stm32f1xx_ll_usb.o(.text.USB_WritePMA)
    [Anonymous Symbol]                       0x08004e9c   Section        0  stm32f1xx_it.o(.text.UsageFault_Handler)
    [Anonymous Symbol]                       0x08004ea0   Section        0  main.o(.text.main)
    i.__ARM_fpclassifyf                      0x08005740   Section        0  fpclassifyf.o(i.__ARM_fpclassifyf)
    i.__mathlib_flt_infnan2                  0x08005766   Section        0  funder.o(i.__mathlib_flt_infnan2)
    i.__mathlib_flt_underflow                0x0800576a   Section        0  funder.o(i.__mathlib_flt_underflow)
    i.atan2f                                 0x08005774   Section        0  atan2f.o(i.atan2f)
    x$fpl$fadd                               0x08005a18   Section      196  faddsub_clz.o(x$fpl$fadd)
    _fadd1                                   0x08005a27   Thumb Code     0  faddsub_clz.o(x$fpl$fadd)
    x$fpl$fcheck1                            0x08005adc   Section       12  fcheck1.o(x$fpl$fcheck1)
    x$fpl$fcmp                               0x08005ae8   Section       84  fcmp.o(x$fpl$fcmp)
    x$fpl$fcmpinf                            0x08005b3c   Section       24  fcmpi.o(x$fpl$fcmpinf)
    _fdiv1                                   0x08005b55   Thumb Code     0  fdiv.o(x$fpl$fdiv)
    x$fpl$fdiv                               0x08005b54   Section      388  fdiv.o(x$fpl$fdiv)
    x$fpl$feqf                               0x08005cd8   Section      104  feqf.o(x$fpl$feqf)
    x$fpl$ffix                               0x08005d40   Section       54  ffix.o(x$fpl$ffix)
    x$fpl$fflt                               0x08005d78   Section       48  fflt_clz.o(x$fpl$fflt)
    x$fpl$ffltu                              0x08005da8   Section       38  fflt_clz.o(x$fpl$ffltu)
    x$fpl$fgeqf                              0x08005dd0   Section      104  fgeqf.o(x$fpl$fgeqf)
    x$fpl$fleqf                              0x08005e38   Section      104  fleqf.o(x$fpl$fleqf)
    x$fpl$fmul                               0x08005ea0   Section      258  fmul.o(x$fpl$fmul)
    x$fpl$fnaninf                            0x08005fa2   Section      140  fnaninf.o(x$fpl$fnaninf)
    x$fpl$fretinf                            0x0800602e   Section       10  fretinf.o(x$fpl$fretinf)
    x$fpl$frsb                               0x08006038   Section       20  faddsub_clz.o(x$fpl$frsb)
    x$fpl$fsub                               0x0800604c   Section      234  faddsub_clz.o(x$fpl$fsub)
    _fsub1                                   0x0800605b   Thumb Code     0  faddsub_clz.o(x$fpl$fsub)
    x$fpl$retnan                             0x08006136   Section      100  retnan.o(x$fpl$retnan)
    x$fpl$scalbnf                            0x0800619a   Section       76  scalbnf.o(x$fpl$scalbnf)
    x$fpl$trapveneer                         0x080061e6   Section       48  trapv.o(x$fpl$trapveneer)
    x$fpl$usenofp                            0x08006216   Section        0  usenofp.o(x$fpl$usenofp)
    HAL_RCC_GetSysClockFreq.aPredivFactorTable 0x0800622e   Data           2  stm32f1xx_hal_rcc.o(.rodata.HAL_RCC_GetSysClockFreq.aPredivFactorTable)
    [Anonymous Symbol]                       0x0800622e   Section        0  stm32f1xx_hal_rcc.o(.rodata.HAL_RCC_GetSysClockFreq.aPredivFactorTable)
    HAL_RCC_GetSysClockFreq.aPLLMULFactorTable 0x08006230   Data          16  stm32f1xx_hal_rcc.o(.rodata.cst16)
    [Anonymous Symbol]                       0x08006230   Section        0  stm32f1xx_hal_rcc.o(.rodata.cst16)
    .L_MergedGlobals                         0x20000000   Data          20  main.o(.data..L_MergedGlobals)
    [Anonymous Symbol]                       0x20000000   Section        0  main.o(.data..L_MergedGlobals)
    .L_MergedGlobals                         0x20000014   Data           8  stm32f1xx_hal.o(.data..L_MergedGlobals)
    [Anonymous Symbol]                       0x20000014   Section        0  stm32f1xx_hal.o(.data..L_MergedGlobals)
    .bss                                     0x20000020   Section       96  libspace.o(.bss)
    .L_MergedGlobals.2                       0x20000080   Data          72  main.o(.bss..L_MergedGlobals.2)
    [Anonymous Symbol]                       0x20000080   Section        0  main.o(.bss..L_MergedGlobals.2)
    USBD_SetConfig.cfgidx                    0x200000c8   Data           1  usbd_ctlreq.o(.bss.USBD_SetConfig.cfgidx)
    [Anonymous Symbol]                       0x200000c8   Section        0  usbd_ctlreq.o(.bss.USBD_SetConfig.cfgidx)
    Heap_Mem                                 0x200004d8   Data         512  startup_stm32f10x_hd.o(HEAP)
    HEAP                                     0x200004d8   Section      512  startup_stm32f10x_hd.o(HEAP)
    Stack_Mem                                0x200006d8   Data        1024  startup_stm32f10x_hd.o(STACK)
    STACK                                    0x200006d8   Section     1024  startup_stm32f10x_hd.o(STACK)
    __initial_sp                             0x20000ad8   Data           0  startup_stm32f10x_hd.o(STACK)

    Global Symbols

    Symbol Name                              Value     Ov Type        Size  Object(Section)

    BuildAttributes$$THM_ISAv4$P$D$K$B$S$PE$A:L22UL41UL21$X:L11$S22US41US21$IEEE1$IW$~IW$USESV6$~STKCKD$USESV7$~SHL$OTIME$ROPI$IEEEX$EBA8$UX$STANDARDLIB$REQ8$PRES8$EABIv2 0x00000000   Number         0  anon$$obj.o ABSOLUTE
    __fp_init_empty                          0x00000000   Number         0  fpinit_empty.o ABSOLUTE
    __ARM_exceptions_init                     - Undefined Weak Reference
    __alloca_initialize                       - Undefined Weak Reference
    __arm_preinit_                            - Undefined Weak Reference
    __arm_relocate_pie_                       - Undefined Weak Reference
    __cpp_initialize__aeabi_                  - Undefined Weak Reference
    __cxa_finalize                            - Undefined Weak Reference
    __rt_locale                               - Undefined Weak Reference
    __sigvec_lookup                           - Undefined Weak Reference
    _atexit_init                              - Undefined Weak Reference
    _call_atexit_fns                          - Undefined Weak Reference
    _clock_init                               - Undefined Weak Reference
    _fp_trap_init                             - Undefined Weak Reference
    _fp_trap_shutdown                         - Undefined Weak Reference
    _get_lc_collate                           - Undefined Weak Reference
    _get_lc_ctype                             - Undefined Weak Reference
    _get_lc_monetary                          - Undefined Weak Reference
    _get_lc_numeric                           - Undefined Weak Reference
    _get_lc_time                              - Undefined Weak Reference
    _getenv_init                              - Undefined Weak Reference
    _handle_redirection                       - Undefined Weak Reference
    _init_alloc                               - Undefined Weak Reference
    _init_user_alloc                          - Undefined Weak Reference
    _initio                                   - Undefined Weak Reference
    _rand_init                                - Undefined Weak Reference
    _signal_finish                            - Undefined Weak Reference
    _signal_init                              - Undefined Weak Reference
    _terminate_alloc                          - Undefined Weak Reference
    _terminate_user_alloc                     - Undefined Weak Reference
    _terminateio                              - Undefined Weak Reference
    __Vectors_Size                           0x00000130   Number         0  startup_stm32f10x_hd.o ABSOLUTE
    __Vectors                                0x08000000   Data           4  startup_stm32f10x_hd.o(RESET)
    __Vectors_End                            0x08000130   Data           0  startup_stm32f10x_hd.o(RESET)
    __main                                   0x08000131   Thumb Code     8  __main.o(!!!main)
    __scatterload                            0x08000139   Thumb Code     0  __scatter.o(!!!scatter)
    __scatterload_rt2                        0x08000139   Thumb Code    84  __scatter.o(!!!scatter)
    __scatterload_rt2_thumb_only             0x08000139   Thumb Code     0  __scatter.o(!!!scatter)
    __scatterload_loop                       0x08000143   Thumb Code     0  __scatter.o(!!!scatter)
    __scatterload_copy                       0x08000195   Thumb Code    26  __scatter_copy.o(!!handler_copy)
    __scatterload_null                       0x080001b1   Thumb Code     2  __scatter.o(!!handler_null)
    __scatterload_zeroinit                   0x080001b5   Thumb Code    28  __scatter_zi.o(!!handler_zi)
    __rt_lib_init                            0x080001d1   Thumb Code     0  libinit.o(.ARM.Collect$$libinit$$00000000)
    __rt_lib_init_alloca_1                   0x080001d3   Thumb Code     0  libinit2.o(.ARM.Collect$$libinit$$00000030)
    __rt_lib_init_argv_1                     0x080001d3   Thumb Code     0  libinit2.o(.ARM.Collect$$libinit$$0000002E)
    __rt_lib_init_atexit_1                   0x080001d3   Thumb Code     0  libinit2.o(.ARM.Collect$$libinit$$0000001D)
    __rt_lib_init_clock_1                    0x080001d3   Thumb Code     0  libinit2.o(.ARM.Collect$$libinit$$00000023)
    __rt_lib_init_cpp_1                      0x080001d3   Thumb Code     0  libinit2.o(.ARM.Collect$$libinit$$00000034)
    __rt_lib_init_exceptions_1               0x080001d3   Thumb Code     0  libinit2.o(.ARM.Collect$$libinit$$00000032)
    __rt_lib_init_fp_1                       0x080001d3   Thumb Code     0  libinit2.o(.ARM.Collect$$libinit$$00000002)
    __rt_lib_init_fp_trap_1                  0x080001d3   Thumb Code     0  libinit2.o(.ARM.Collect$$libinit$$00000021)
    __rt_lib_init_getenv_1                   0x080001d3   Thumb Code     0  libinit2.o(.ARM.Collect$$libinit$$00000025)
    __rt_lib_init_heap_1                     0x080001d3   Thumb Code     0  libinit2.o(.ARM.Collect$$libinit$$0000000C)
    __rt_lib_init_lc_collate_1               0x080001d3   Thumb Code     0  libinit2.o(.ARM.Collect$$libinit$$00000013)
    __rt_lib_init_lc_ctype_1                 0x080001d3   Thumb Code     0  libinit2.o(.ARM.Collect$$libinit$$00000015)
    __rt_lib_init_lc_monetary_1              0x080001d3   Thumb Code     0  libinit2.o(.ARM.Collect$$libinit$$00000017)
    __rt_lib_init_lc_numeric_1               0x080001d3   Thumb Code     0  libinit2.o(.ARM.Collect$$libinit$$00000019)
    __rt_lib_init_lc_time_1                  0x080001d3   Thumb Code     0  libinit2.o(.ARM.Collect$$libinit$$0000001B)
    __rt_lib_init_preinit_1                  0x080001d3   Thumb Code     0  libinit2.o(.ARM.Collect$$libinit$$00000006)
    __rt_lib_init_rand_1                     0x080001d3   Thumb Code     0  libinit2.o(.ARM.Collect$$libinit$$00000010)
    __rt_lib_init_relocate_pie_1             0x080001d3   Thumb Code     0  libinit2.o(.ARM.Collect$$libinit$$00000004)
    __rt_lib_init_return                     0x080001d3   Thumb Code     0  libinit2.o(.ARM.Collect$$libinit$$00000035)
    __rt_lib_init_signal_1                   0x080001d3   Thumb Code     0  libinit2.o(.ARM.Collect$$libinit$$0000001F)
    __rt_lib_init_stdio_1                    0x080001d3   Thumb Code     0  libinit2.o(.ARM.Collect$$libinit$$00000027)
    __rt_lib_init_user_alloc_1               0x080001d3   Thumb Code     0  libinit2.o(.ARM.Collect$$libinit$$0000000E)
    __rt_lib_shutdown                        0x080001d5   Thumb Code     0  libshutdown.o(.ARM.Collect$$libshutdown$$00000000)
    __rt_lib_shutdown_cpp_1                  0x080001d7   Thumb Code     0  libshutdown2.o(.ARM.Collect$$libshutdown$$00000002)
    __rt_lib_shutdown_fp_trap_1              0x080001d7   Thumb Code     0  libshutdown2.o(.ARM.Collect$$libshutdown$$00000007)
    __rt_lib_shutdown_heap_1                 0x080001d7   Thumb Code     0  libshutdown2.o(.ARM.Collect$$libshutdown$$0000000F)
    __rt_lib_shutdown_return                 0x080001d7   Thumb Code     0  libshutdown2.o(.ARM.Collect$$libshutdown$$00000010)
    __rt_lib_shutdown_signal_1               0x080001d7   Thumb Code     0  libshutdown2.o(.ARM.Collect$$libshutdown$$0000000A)
    __rt_lib_shutdown_stdio_1                0x080001d7   Thumb Code     0  libshutdown2.o(.ARM.Collect$$libshutdown$$00000004)
    __rt_lib_shutdown_user_alloc_1           0x080001d7   Thumb Code     0  libshutdown2.o(.ARM.Collect$$libshutdown$$0000000C)
    __rt_entry                               0x080001d9   Thumb Code     0  __rtentry.o(.ARM.Collect$$rtentry$$00000000)
    __rt_entry_presh_1                       0x080001d9   Thumb Code     0  __rtentry2.o(.ARM.Collect$$rtentry$$00000002)
    __rt_entry_sh                            0x080001d9   Thumb Code     0  __rtentry4.o(.ARM.Collect$$rtentry$$00000004)
    __rt_entry_li                            0x080001df   Thumb Code     0  __rtentry2.o(.ARM.Collect$$rtentry$$0000000A)
    __rt_entry_postsh_1                      0x080001df   Thumb Code     0  __rtentry2.o(.ARM.Collect$$rtentry$$00000009)
    __rt_entry_main                          0x080001e3   Thumb Code     0  __rtentry2.o(.ARM.Collect$$rtentry$$0000000D)
    __rt_entry_postli_1                      0x080001e3   Thumb Code     0  __rtentry2.o(.ARM.Collect$$rtentry$$0000000C)
    __rt_exit                                0x080001eb   Thumb Code     0  rtexit.o(.ARM.Collect$$rtexit$$00000000)
    __rt_exit_ls                             0x080001ed   Thumb Code     0  rtexit2.o(.ARM.Collect$$rtexit$$00000003)
    __rt_exit_prels_1                        0x080001ed   Thumb Code     0  rtexit2.o(.ARM.Collect$$rtexit$$00000002)
    __rt_exit_exit                           0x080001f1   Thumb Code     0  rtexit2.o(.ARM.Collect$$rtexit$$00000004)
    Reset_Handler                            0x080001f9   Thumb Code     8  startup_stm32f10x_hd.o(.text)
    ADC1_2_IRQHandler                        0x08000213   Thumb Code     0  startup_stm32f10x_hd.o(.text)
    ADC3_IRQHandler                          0x08000213   Thumb Code     0  startup_stm32f10x_hd.o(.text)
    CAN1_RX1_IRQHandler                      0x08000213   Thumb Code     0  startup_stm32f10x_hd.o(.text)
    CAN1_SCE_IRQHandler                      0x08000213   Thumb Code     0  startup_stm32f10x_hd.o(.text)
    DMA1_Channel1_IRQHandler                 0x08000213   Thumb Code     0  startup_stm32f10x_hd.o(.text)
    DMA1_Channel2_IRQHandler                 0x08000213   Thumb Code     0  startup_stm32f10x_hd.o(.text)
    DMA1_Channel3_IRQHandler                 0x08000213   Thumb Code     0  startup_stm32f10x_hd.o(.text)
    DMA1_Channel4_IRQHandler                 0x08000213   Thumb Code     0  startup_stm32f10x_hd.o(.text)
    DMA1_Channel5_IRQHandler                 0x08000213   Thumb Code     0  startup_stm32f10x_hd.o(.text)
    DMA1_Channel6_IRQHandler                 0x08000213   Thumb Code     0  startup_stm32f10x_hd.o(.text)
    DMA1_Channel7_IRQHandler                 0x08000213   Thumb Code     0  startup_stm32f10x_hd.o(.text)
    DMA2_Channel1_IRQHandler                 0x08000213   Thumb Code     0  startup_stm32f10x_hd.o(.text)
    DMA2_Channel2_IRQHandler                 0x08000213   Thumb Code     0  startup_stm32f10x_hd.o(.text)
    DMA2_Channel3_IRQHandler                 0x08000213   Thumb Code     0  startup_stm32f10x_hd.o(.text)
    DMA2_Channel4_5_IRQHandler               0x08000213   Thumb Code     0  startup_stm32f10x_hd.o(.text)
    EXTI0_IRQHandler                         0x08000213   Thumb Code     0  startup_stm32f10x_hd.o(.text)
    EXTI15_10_IRQHandler                     0x08000213   Thumb Code     0  startup_stm32f10x_hd.o(.text)
    EXTI1_IRQHandler                         0x08000213   Thumb Code     0  startup_stm32f10x_hd.o(.text)
    EXTI2_IRQHandler                         0x08000213   Thumb Code     0  startup_stm32f10x_hd.o(.text)
    EXTI3_IRQHandler                         0x08000213   Thumb Code     0  startup_stm32f10x_hd.o(.text)
    EXTI4_IRQHandler                         0x08000213   Thumb Code     0  startup_stm32f10x_hd.o(.text)
    EXTI9_5_IRQHandler                       0x08000213   Thumb Code     0  startup_stm32f10x_hd.o(.text)
    FLASH_IRQHandler                         0x08000213   Thumb Code     0  startup_stm32f10x_hd.o(.text)
    FSMC_IRQHandler                          0x08000213   Thumb Code     0  startup_stm32f10x_hd.o(.text)
    I2C1_ER_IRQHandler                       0x08000213   Thumb Code     0  startup_stm32f10x_hd.o(.text)
    I2C1_EV_IRQHandler                       0x08000213   Thumb Code     0  startup_stm32f10x_hd.o(.text)
    I2C2_ER_IRQHandler                       0x08000213   Thumb Code     0  startup_stm32f10x_hd.o(.text)
    I2C2_EV_IRQHandler                       0x08000213   Thumb Code     0  startup_stm32f10x_hd.o(.text)
    PVD_IRQHandler                           0x08000213   Thumb Code     0  startup_stm32f10x_hd.o(.text)
    RCC_IRQHandler                           0x08000213   Thumb Code     0  startup_stm32f10x_hd.o(.text)
    RTCAlarm_IRQHandler                      0x08000213   Thumb Code     0  startup_stm32f10x_hd.o(.text)
    RTC_IRQHandler                           0x08000213   Thumb Code     0  startup_stm32f10x_hd.o(.text)
    SDIO_IRQHandler                          0x08000213   Thumb Code     0  startup_stm32f10x_hd.o(.text)
    SPI1_IRQHandler                          0x08000213   Thumb Code     0  startup_stm32f10x_hd.o(.text)
    SPI2_IRQHandler                          0x08000213   Thumb Code     0  startup_stm32f10x_hd.o(.text)
    SPI3_IRQHandler                          0x08000213   Thumb Code     0  startup_stm32f10x_hd.o(.text)
    TAMPER_IRQHandler                        0x08000213   Thumb Code     0  startup_stm32f10x_hd.o(.text)
    TIM1_BRK_IRQHandler                      0x08000213   Thumb Code     0  startup_stm32f10x_hd.o(.text)
    TIM1_UP_IRQHandler                       0x08000213   Thumb Code     0  startup_stm32f10x_hd.o(.text)
    TIM3_IRQHandler                          0x08000213   Thumb Code     0  startup_stm32f10x_hd.o(.text)
    TIM4_IRQHandler                          0x08000213   Thumb Code     0  startup_stm32f10x_hd.o(.text)
    TIM5_IRQHandler                          0x08000213   Thumb Code     0  startup_stm32f10x_hd.o(.text)
    TIM6_IRQHandler                          0x08000213   Thumb Code     0  startup_stm32f10x_hd.o(.text)
    TIM7_IRQHandler                          0x08000213   Thumb Code     0  startup_stm32f10x_hd.o(.text)
    TIM8_BRK_IRQHandler                      0x08000213   Thumb Code     0  startup_stm32f10x_hd.o(.text)
    TIM8_CC_IRQHandler                       0x08000213   Thumb Code     0  startup_stm32f10x_hd.o(.text)
    TIM8_TRG_COM_IRQHandler                  0x08000213   Thumb Code     0  startup_stm32f10x_hd.o(.text)
    TIM8_UP_IRQHandler                       0x08000213   Thumb Code     0  startup_stm32f10x_hd.o(.text)
    UART4_IRQHandler                         0x08000213   Thumb Code     0  startup_stm32f10x_hd.o(.text)
    UART5_IRQHandler                         0x08000213   Thumb Code     0  startup_stm32f10x_hd.o(.text)
    USART2_IRQHandler                        0x08000213   Thumb Code     0  startup_stm32f10x_hd.o(.text)
    USART3_IRQHandler                        0x08000213   Thumb Code     0  startup_stm32f10x_hd.o(.text)
    USBWakeUp_IRQHandler                     0x08000213   Thumb Code     0  startup_stm32f10x_hd.o(.text)
    WWDG_IRQHandler                          0x08000213   Thumb Code     0  startup_stm32f10x_hd.o(.text)
    __user_initial_stackheap                 0x08000215   Thumb Code     0  startup_stm32f10x_hd.o(.text)
    __use_two_region_memory                  0x08000239   Thumb Code     2  heapauxi.o(.text)
    __rt_heap_escrow$2region                 0x0800023b   Thumb Code     2  heapauxi.o(.text)
    __rt_heap_expand$2region                 0x0800023d   Thumb Code     2  heapauxi.o(.text)
    __read_errno                             0x0800023f   Thumb Code    10  _rserrno.o(.text)
    __set_errno                              0x08000249   Thumb Code    12  _rserrno.o(.text)
    __aeabi_errno_addr                       0x08000255   Thumb Code     8  rt_errno_addr_intlibspace.o(.text)
    __errno$intlibspace                      0x08000255   Thumb Code     0  rt_errno_addr_intlibspace.o(.text)
    __rt_errno_addr$intlibspace              0x08000255   Thumb Code     0  rt_errno_addr_intlibspace.o(.text)
    __user_libspace                          0x0800025d   Thumb Code     8  libspace.o(.text)
    __user_perproc_libspace                  0x0800025d   Thumb Code     0  libspace.o(.text)
    __user_perthread_libspace                0x0800025d   Thumb Code     0  libspace.o(.text)
    __user_setup_stackheap                   0x08000265   Thumb Code    74  sys_stackheap_outer.o(.text)
    exit                                     0x080002af   Thumb Code    18  exit.o(.text)
    _sys_exit                                0x080002c1   Thumb Code     8  sys_exit.o(.text)
    __I$use$semihosting                      0x080002cd   Thumb Code     0  use_no_semi.o(.text)
    __use_no_semihosting_swi                 0x080002cd   Thumb Code     2  use_no_semi.o(.text)
    __semihosting_library_function           0x080002cf   Thumb Code     0  indicate_semi.o(.text)
    BusFault_Handler                         0x080002d1   Thumb Code     2  stm32f1xx_it.o(.text.BusFault_Handler)
    DebugMon_Handler                         0x080002d5   Thumb Code     2  stm32f1xx_it.o(.text.DebugMon_Handler)
    Error_Handler                            0x080002d9   Thumb Code    10  main.o(.text.Error_Handler)
    HAL_DMA_Abort                            0x080002e5   Thumb Code    70  stm32f1xx_hal_dma.o(.text.HAL_DMA_Abort)
    HAL_DMA_Abort_IT                         0x0800032d   Thumb Code   182  stm32f1xx_hal_dma.o(.text.HAL_DMA_Abort_IT)
    HAL_Delay                                0x080003e5   Thumb Code    40  stm32f1xx_hal.o(.text.HAL_Delay)
    HAL_GPIO_Init                            0x0800040d   Thumb Code   526  stm32f1xx_hal_gpio.o(.text.HAL_GPIO_Init)
    HAL_GPIO_ReadPin                         0x0800061d   Thumb Code    10  stm32f1xx_hal_gpio.o(.text.HAL_GPIO_ReadPin)
    HAL_GPIO_WritePin                        0x08000629   Thumb Code    10  stm32f1xx_hal_gpio.o(.text.HAL_GPIO_WritePin)
    HAL_GetTick                              0x08000635   Thumb Code    12  stm32f1xx_hal.o(.text.HAL_GetTick)
    HAL_I2C_Init                             0x08000641   Thumb Code   356  stm32f1xx_hal_i2c.o(.text.HAL_I2C_Init)
    HAL_I2C_Mem_Read                         0x080007a5   Thumb Code   842  stm32f1xx_hal_i2c.o(.text.HAL_I2C_Mem_Read)
    HAL_I2C_Mem_Write                        0x08000af1   Thumb Code   348  stm32f1xx_hal_i2c.o(.text.HAL_I2C_Mem_Write)
    HAL_I2C_MspInit                          0x08000c4d   Thumb Code   106  i2c.o(.text.HAL_I2C_MspInit)
    HAL_IncTick                              0x08000cb9   Thumb Code    26  stm32f1xx_hal.o(.text.HAL_IncTick)
    HAL_Init                                 0x08000cd5   Thumb Code    38  stm32f1xx_hal.o(.text.HAL_Init)
    HAL_InitTick                             0x08000cfd   Thumb Code    72  stm32f1xx_hal.o(.text.HAL_InitTick)
    HAL_MspInit                              0x08000d45   Thumb Code    50  stm32f1xx_hal_msp.o(.text.HAL_MspInit)
    HAL_NVIC_EnableIRQ                       0x08000d79   Thumb Code    34  stm32f1xx_hal_cortex.o(.text.HAL_NVIC_EnableIRQ)
    HAL_NVIC_SetPriority                     0x08000d9d   Thumb Code    86  stm32f1xx_hal_cortex.o(.text.HAL_NVIC_SetPriority)
    HAL_NVIC_SetPriorityGrouping             0x08000df5   Thumb Code    32  stm32f1xx_hal_cortex.o(.text.HAL_NVIC_SetPriorityGrouping)
    HAL_PCD_DataInStageCallback              0x08000e15   Thumb Code    20  usbd_conf.o(.text.HAL_PCD_DataInStageCallback)
    HAL_PCD_DataOutStageCallback             0x08000e29   Thumb Code    22  usbd_conf.o(.text.HAL_PCD_DataOutStageCallback)
    HAL_PCD_EP_ClrStall                      0x08000e41   Thumb Code    96  stm32f1xx_hal_pcd.o(.text.HAL_PCD_EP_ClrStall)
    HAL_PCD_EP_Open                          0x08000ea1   Thumb Code    92  stm32f1xx_hal_pcd.o(.text.HAL_PCD_EP_Open)
    HAL_PCD_EP_Receive                       0x08000efd   Thumb Code    50  stm32f1xx_hal_pcd.o(.text.HAL_PCD_EP_Receive)
    HAL_PCD_EP_SetStall                      0x08000f31   Thumb Code   108  stm32f1xx_hal_pcd.o(.text.HAL_PCD_EP_SetStall)
    HAL_PCD_EP_Transmit                      0x08000f9d   Thumb Code    54  stm32f1xx_hal_pcd.o(.text.HAL_PCD_EP_Transmit)
    HAL_PCD_IRQHandler                       0x08000fd5   Thumb Code  2362  stm32f1xx_hal_pcd.o(.text.HAL_PCD_IRQHandler)
    HAL_PCD_ResetCallback                    0x08001911   Thumb Code    36  usbd_conf.o(.text.HAL_PCD_ResetCallback)
    HAL_PCD_ResumeCallback                   0x08001935   Thumb Code     8  usbd_conf.o(.text.HAL_PCD_ResumeCallback)
    HAL_PCD_SOFCallback                      0x0800193d   Thumb Code     8  usbd_conf.o(.text.HAL_PCD_SOFCallback)
    HAL_PCD_SetAddress                       0x08001945   Thumb Code    40  stm32f1xx_hal_pcd.o(.text.HAL_PCD_SetAddress)
    HAL_PCD_SetupStageCallback               0x0800196d   Thumb Code    14  usbd_conf.o(.text.HAL_PCD_SetupStageCallback)
    HAL_PCD_SuspendCallback                  0x0800197d   Thumb Code    38  usbd_conf.o(.text.HAL_PCD_SuspendCallback)
    HAL_RCC_ClockConfig                      0x080019a5   Thumb Code   442  stm32f1xx_hal_rcc.o(.text.HAL_RCC_ClockConfig)
    HAL_RCC_GetPCLK1Freq                     0x08001b61   Thumb Code    38  stm32f1xx_hal_rcc.o(.text.HAL_RCC_GetPCLK1Freq)
    HAL_RCC_OscConfig                        0x08001b89   Thumb Code  1024  stm32f1xx_hal_rcc.o(.text.HAL_RCC_OscConfig)
    HAL_SYSTICK_Config                       0x08001f89   Thumb Code    44  stm32f1xx_hal_cortex.o(.text.HAL_SYSTICK_Config)
    HAL_TIMEx_BreakCallback                  0x08001fb5   Thumb Code     2  stm32f1xx_hal_tim_ex.o(.text.HAL_TIMEx_BreakCallback)
    HAL_TIMEx_CommutCallback                 0x08001fb9   Thumb Code     2  stm32f1xx_hal_tim_ex.o(.text.HAL_TIMEx_CommutCallback)
    HAL_TIMEx_MasterConfigSynchronization    0x08001fbd   Thumb Code   126  stm32f1xx_hal_tim_ex.o(.text.HAL_TIMEx_MasterConfigSynchronization)
    HAL_TIM_Base_Init                        0x0800203d   Thumb Code   250  stm32f1xx_hal_tim.o(.text.HAL_TIM_Base_Init)
    HAL_TIM_Base_MspInit                     0x08002139   Thumb Code   128  tim.o(.text.HAL_TIM_Base_MspInit)
    HAL_TIM_ConfigClockSource                0x080021b9   Thumb Code   416  stm32f1xx_hal_tim.o(.text.HAL_TIM_ConfigClockSource)
    HAL_TIM_IC_CaptureCallback               0x08002359   Thumb Code     2  stm32f1xx_hal_tim.o(.text.HAL_TIM_IC_CaptureCallback)
    HAL_TIM_IRQHandler                       0x0800235d   Thumb Code   334  stm32f1xx_hal_tim.o(.text.HAL_TIM_IRQHandler)
    HAL_TIM_OC_DelayElapsedCallback          0x080024ad   Thumb Code     2  stm32f1xx_hal_tim.o(.text.HAL_TIM_OC_DelayElapsedCallback)
    HAL_TIM_PWM_ConfigChannel                0x080024b1   Thumb Code   516  stm32f1xx_hal_tim.o(.text.HAL_TIM_PWM_ConfigChannel)
    HAL_TIM_PWM_Init                         0x080026b5   Thumb Code   250  stm32f1xx_hal_tim.o(.text.HAL_TIM_PWM_Init)
    HAL_TIM_PWM_MspInit                      0x080027b1   Thumb Code     2  stm32f1xx_hal_tim.o(.text.HAL_TIM_PWM_MspInit)
    HAL_TIM_PWM_PulseFinishedCallback        0x080027b5   Thumb Code     2  stm32f1xx_hal_tim.o(.text.HAL_TIM_PWM_PulseFinishedCallback)
    HAL_TIM_PWM_Start                        0x080027b9   Thumb Code   218  stm32f1xx_hal_tim.o(.text.HAL_TIM_PWM_Start)
    HAL_TIM_PeriodElapsedCallback            0x08002895   Thumb Code     2  stm32f1xx_hal_tim.o(.text.HAL_TIM_PeriodElapsedCallback)
    HAL_TIM_TriggerCallback                  0x08002899   Thumb Code     2  stm32f1xx_hal_tim.o(.text.HAL_TIM_TriggerCallback)
    HAL_UARTEx_RxEventCallback               0x0800289d   Thumb Code     2  stm32f1xx_hal_uart.o(.text.HAL_UARTEx_RxEventCallback)
    HAL_UART_ErrorCallback                   0x080028a1   Thumb Code     2  stm32f1xx_hal_uart.o(.text.HAL_UART_ErrorCallback)
    HAL_UART_IRQHandler                      0x080028a5   Thumb Code  1392  stm32f1xx_hal_uart.o(.text.HAL_UART_IRQHandler)
    HAL_UART_RxCpltCallback                  0x08002e15   Thumb Code     2  stm32f1xx_hal_uart.o(.text.HAL_UART_RxCpltCallback)
    HAL_UART_TxCpltCallback                  0x08002e19   Thumb Code     2  stm32f1xx_hal_uart.o(.text.HAL_UART_TxCpltCallback)
    HardFault_Handler                        0x08002e1d   Thumb Code     2  stm32f1xx_it.o(.text.HardFault_Handler)
    MX_GPIO_Init                             0x080035ad   Thumb Code   220  gpio.o(.text.MX_GPIO_Init)
    MX_I2C1_Init                             0x08003689   Thumb Code    66  i2c.o(.text.MX_I2C1_Init)
    MX_TIM2_Init                             0x080036cd   Thumb Code   282  tim.o(.text.MX_TIM2_Init)
    MemManage_Handler                        0x080037e9   Thumb Code     2  stm32f1xx_it.o(.text.MemManage_Handler)
    NMI_Handler                              0x080037ed   Thumb Code     2  stm32f1xx_it.o(.text.NMI_Handler)
    PendSV_Handler                           0x080037f1   Thumb Code     2  stm32f1xx_it.o(.text.PendSV_Handler)
    SVC_Handler                              0x080037f5   Thumb Code     2  stm32f1xx_it.o(.text.SVC_Handler)
    SysTick_Handler                          0x080037f9   Thumb Code     4  stm32f1xx_it.o(.text.SysTick_Handler)
    SystemInit                               0x080037fd   Thumb Code     2  system_stm32f1xx.o(.text.SystemInit)
    TIM1_CC_IRQHandler                       0x08003801   Thumb Code    12  stm32f1xx_it.o(.text.TIM1_CC_IRQHandler)
    TIM1_TRG_COM_IRQHandler                  0x0800380d   Thumb Code    12  stm32f1xx_it.o(.text.TIM1_TRG_COM_IRQHandler)
    TIM2_IRQHandler                          0x08003819   Thumb Code    12  stm32f1xx_it.o(.text.TIM2_IRQHandler)
    USART1_IRQHandler                        0x08003931   Thumb Code    12  stm32f1xx_it.o(.text.USART1_IRQHandler)
    USBD_ClrClassConfig                      0x0800393d   Thumb Code    14  usbd_core.o(.text.USBD_ClrClassConfig)
    USBD_CtlContinueRx                       0x0800394d   Thumb Code    16  usbd_ioreq.o(.text.USBD_CtlContinueRx)
    USBD_CtlContinueSendData                 0x0800395d   Thumb Code    16  usbd_ioreq.o(.text.USBD_CtlContinueSendData)
    USBD_CtlReceiveStatus                    0x0800396d   Thumb Code    22  usbd_ioreq.o(.text.USBD_CtlReceiveStatus)
    USBD_CtlSendData                         0x08003985   Thumb Code    26  usbd_ioreq.o(.text.USBD_CtlSendData)
    USBD_CtlSendStatus                       0x080039a1   Thumb Code    22  usbd_ioreq.o(.text.USBD_CtlSendStatus)
    USBD_LL_ClearStallEP                     0x080039b9   Thumb Code    34  usbd_conf.o(.text.USBD_LL_ClearStallEP)
    USBD_LL_DataInStage                      0x080039dd   Thumb Code   202  usbd_core.o(.text.USBD_LL_DataInStage)
    USBD_LL_DataOutStage                     0x08003aa9   Thumb Code   124  usbd_core.o(.text.USBD_LL_DataOutStage)
    USBD_LL_IsStallEP                        0x08003b25   Thumb Code    42  usbd_conf.o(.text.USBD_LL_IsStallEP)
    USBD_LL_OpenEP                           0x08003b51   Thumb Code    40  usbd_conf.o(.text.USBD_LL_OpenEP)
    USBD_LL_PrepareReceive                   0x08003b79   Thumb Code    34  usbd_conf.o(.text.USBD_LL_PrepareReceive)
    USBD_LL_Reset                            0x08003b9d   Thumb Code    84  usbd_core.o(.text.USBD_LL_Reset)
    USBD_LL_Resume                           0x08003bf1   Thumb Code    20  usbd_core.o(.text.USBD_LL_Resume)
    USBD_LL_SOF                              0x08003c05   Thumb Code    28  usbd_core.o(.text.USBD_LL_SOF)
    USBD_LL_SetSpeed                         0x08003c21   Thumb Code     8  usbd_core.o(.text.USBD_LL_SetSpeed)
    USBD_LL_SetUSBAddress                    0x08003c29   Thumb Code    34  usbd_conf.o(.text.USBD_LL_SetUSBAddress)
    USBD_LL_SetupStage                       0x08003c4d   Thumb Code    92  usbd_core.o(.text.USBD_LL_SetupStage)
    USBD_LL_StallEP                          0x08003ca9   Thumb Code    34  usbd_conf.o(.text.USBD_LL_StallEP)
    USBD_LL_Suspend                          0x08003ccd   Thumb Code    20  usbd_core.o(.text.USBD_LL_Suspend)
    USBD_LL_Transmit                         0x08003ce1   Thumb Code    34  usbd_conf.o(.text.USBD_LL_Transmit)
    USBD_ParseSetupRequest                   0x08003d05   Thumb Code    22  usbd_ctlreq.o(.text.USBD_ParseSetupRequest)
    USBD_SetClassConfig                      0x08003d1d   Thumb Code    28  usbd_core.o(.text.USBD_SetClassConfig)
    USBD_StdDevReq                           0x08003d39   Thumb Code   746  usbd_ctlreq.o(.text.USBD_StdDevReq)
    USBD_StdEPReq                            0x08004025   Thumb Code   328  usbd_ctlreq.o(.text.USBD_StdEPReq)
    USBD_StdItfReq                           0x0800416d   Thumb Code    84  usbd_ctlreq.o(.text.USBD_StdItfReq)
    USB_ActivateEndpoint                     0x080041c1   Thumb Code   636  stm32f1xx_ll_usb.o(.text.USB_ActivateEndpoint)
    USB_EP0_OutStart                         0x0800443d   Thumb Code     4  stm32f1xx_ll_usb.o(.text.USB_EP0_OutStart)
    USB_EPClearStall                         0x08004441   Thumb Code   116  stm32f1xx_ll_usb.o(.text.USB_EPClearStall)
    USB_EPSetStall                           0x080044b5   Thumb Code    50  stm32f1xx_ll_usb.o(.text.USB_EPSetStall)
    USB_EPStartXfer                          0x080044e9   Thumb Code  2098  stm32f1xx_ll_usb.o(.text.USB_EPStartXfer)
    USB_HP_CAN1_TX_IRQHandler                0x08004d1d   Thumb Code    12  stm32f1xx_it.o(.text.USB_HP_CAN1_TX_IRQHandler)
    USB_LP_CAN1_RX0_IRQHandler               0x08004d29   Thumb Code    12  stm32f1xx_it.o(.text.USB_LP_CAN1_RX0_IRQHandler)
    USB_ReadInterrupts                       0x08004d35   Thumb Code     6  stm32f1xx_ll_usb.o(.text.USB_ReadInterrupts)
    USB_ReadPMA                              0x08004d3d   Thumb Code   180  stm32f1xx_ll_usb.o(.text.USB_ReadPMA)
    USB_SetDevAddress                        0x08004df1   Thumb Code    14  stm32f1xx_ll_usb.o(.text.USB_SetDevAddress)
    USB_WritePMA                             0x08004e01   Thumb Code   154  stm32f1xx_ll_usb.o(.text.USB_WritePMA)
    UsageFault_Handler                       0x08004e9d   Thumb Code     2  stm32f1xx_it.o(.text.UsageFault_Handler)
    main                                     0x08004ea1   Thumb Code  2208  main.o(.text.main)
    __ARM_fpclassifyf                        0x08005741   Thumb Code    38  fpclassifyf.o(i.__ARM_fpclassifyf)
    __mathlib_flt_infnan2                    0x08005767   Thumb Code     4  funder.o(i.__mathlib_flt_infnan2)
    __mathlib_flt_underflow                  0x0800576b   Thumb Code    10  funder.o(i.__mathlib_flt_underflow)
    atan2f                                   0x08005775   Thumb Code   598  atan2f.o(i.atan2f)
    __aeabi_fadd                             0x08005a19   Thumb Code     0  faddsub_clz.o(x$fpl$fadd)
    _fadd                                    0x08005a19   Thumb Code   196  faddsub_clz.o(x$fpl$fadd)
    __fpl_fcheck_NaN1                        0x08005add   Thumb Code     6  fcheck1.o(x$fpl$fcheck1)
    __aeabi_fcmpeq                           0x08005ae9   Thumb Code     0  fcmp.o(x$fpl$fcmp)
    _feq                                     0x08005ae9   Thumb Code    14  fcmp.o(x$fpl$fcmp)
    _fneq                                    0x08005af7   Thumb Code    14  fcmp.o(x$fpl$fcmp)
    __aeabi_fcmpgt                           0x08005b05   Thumb Code     0  fcmp.o(x$fpl$fcmp)
    _fgr                                     0x08005b05   Thumb Code    14  fcmp.o(x$fpl$fcmp)
    __aeabi_fcmpge                           0x08005b13   Thumb Code     0  fcmp.o(x$fpl$fcmp)
    _fgeq                                    0x08005b13   Thumb Code    14  fcmp.o(x$fpl$fcmp)
    __aeabi_fcmple                           0x08005b21   Thumb Code     0  fcmp.o(x$fpl$fcmp)
    _fleq                                    0x08005b21   Thumb Code    14  fcmp.o(x$fpl$fcmp)
    __aeabi_fcmplt                           0x08005b2f   Thumb Code     0  fcmp.o(x$fpl$fcmp)
    _fls                                     0x08005b2f   Thumb Code    14  fcmp.o(x$fpl$fcmp)
    __fpl_fcmp_Inf                           0x08005b3d   Thumb Code    24  fcmpi.o(x$fpl$fcmpinf)
    __aeabi_fdiv                             0x08005b55   Thumb Code     0  fdiv.o(x$fpl$fdiv)
    _fdiv                                    0x08005b55   Thumb Code   384  fdiv.o(x$fpl$fdiv)
    __aeabi_cfcmpeq                          0x08005cd9   Thumb Code     0  feqf.o(x$fpl$feqf)
    _fcmpeq                                  0x08005cd9   Thumb Code   104  feqf.o(x$fpl$feqf)
    __aeabi_f2iz                             0x08005d41   Thumb Code     0  ffix.o(x$fpl$ffix)
    _ffix                                    0x08005d41   Thumb Code    54  ffix.o(x$fpl$ffix)
    __aeabi_i2f                              0x08005d79   Thumb Code     0  fflt_clz.o(x$fpl$fflt)
    _fflt                                    0x08005d79   Thumb Code    48  fflt_clz.o(x$fpl$fflt)
    __aeabi_ui2f                             0x08005da9   Thumb Code     0  fflt_clz.o(x$fpl$ffltu)
    _ffltu                                   0x08005da9   Thumb Code    38  fflt_clz.o(x$fpl$ffltu)
    _fcmpge                                  0x08005dd1   Thumb Code   104  fgeqf.o(x$fpl$fgeqf)
    __aeabi_cfcmple                          0x08005e39   Thumb Code     0  fleqf.o(x$fpl$fleqf)
    _fcmple                                  0x08005e39   Thumb Code   104  fleqf.o(x$fpl$fleqf)
    __fpl_fcmple_InfNaN                      0x08005e8b   Thumb Code     0  fleqf.o(x$fpl$fleqf)
    __aeabi_fmul                             0x08005ea1   Thumb Code     0  fmul.o(x$fpl$fmul)
    _fmul                                    0x08005ea1   Thumb Code   258  fmul.o(x$fpl$fmul)
    __fpl_fnaninf                            0x08005fa3   Thumb Code   140  fnaninf.o(x$fpl$fnaninf)
    __fpl_fretinf                            0x0800602f   Thumb Code    10  fretinf.o(x$fpl$fretinf)
    __aeabi_frsub                            0x08006039   Thumb Code     0  faddsub_clz.o(x$fpl$frsb)
    _frsb                                    0x08006039   Thumb Code    20  faddsub_clz.o(x$fpl$frsb)
    __aeabi_fsub                             0x0800604d   Thumb Code     0  faddsub_clz.o(x$fpl$fsub)
    _fsub                                    0x0800604d   Thumb Code   234  faddsub_clz.o(x$fpl$fsub)
    __fpl_return_NaN                         0x08006137   Thumb Code   100  retnan.o(x$fpl$retnan)
    __ARM_scalbnf                            0x0800619b   Thumb Code    76  scalbnf.o(x$fpl$scalbnf)
    __fpl_cmpreturn                          0x080061e7   Thumb Code    48  trapv.o(x$fpl$trapveneer)
    AHBPrescTable                            0x08006216   Data          16  system_stm32f1xx.o(.rodata.AHBPrescTable)
    __I$use$fp                               0x08006216   Number         0  usenofp.o(x$fpl$usenofp)
    APBPrescTable                            0x08006226   Data           8  system_stm32f1xx.o(.rodata.APBPrescTable)
    Region$$Table$$Base                      0x08006240   Number         0  anon$$obj.o(Region$$Table)
    Region$$Table$$Limit                     0x08006260   Number         0  anon$$obj.o(Region$$Table)
    Kp                                       0x20000000   Data           4  main.o(.data..L_MergedGlobals)
    Kd                                       0x20000004   Data           4  main.o(.data..L_MergedGlobals)
    target_angle                             0x20000008   Data           4  main.o(.data..L_MergedGlobals)
    forward_angle                            0x2000000c   Data           4  main.o(.data..L_MergedGlobals)
    line_forward_angle                       0x20000010   Data           4  main.o(.data..L_MergedGlobals)
    uwTickFreq                               0x20000014   Data           1  stm32f1xx_hal.o(.data..L_MergedGlobals)
    uwTickPrio                               0x20000018   Data           4  stm32f1xx_hal.o(.data..L_MergedGlobals)
    SystemCoreClock                          0x2000001c   Data           4  system_stm32f1xx.o(.data.SystemCoreClock)
    __libspace_start                         0x20000020   Data          96  libspace.o(.bss)
    Ki                                       0x20000080   Data           4  main.o(.bss..L_MergedGlobals.2)
    __temporary_stack_top$libspace           0x20000080   Data           0  libspace.o(.bss)
    angle                                    0x20000084   Data           4  main.o(.bss..L_MergedGlobals.2)
    gyro_offset                              0x20000088   Data           4  main.o(.bss..L_MergedGlobals.2)
    integral                                 0x2000008c   Data           4  main.o(.bss..L_MergedGlobals.2)
    last_error                               0x20000090   Data           4  main.o(.bss..L_MergedGlobals.2)
    ramp_assist_angle                        0x20000094   Data           4  main.o(.bss..L_MergedGlobals.2)
    ramp_pwm_average                         0x20000098   Data           4  main.o(.bss..L_MergedGlobals.2)
    MPU6050                                  0x2000009c   Data          44  main.o(.bss..L_MergedGlobals.2)
    hi2c1                                    0x200000cc   Data          84  i2c.o(.bss.hi2c1)
    hpcd_USB_FS                              0x20000120   Data         728  usbd_conf.o(.bss.hpcd_USB_FS)
    htim1                                    0x200003f8   Data          72  tim.o(.bss.htim1)
    htim2                                    0x20000440   Data          72  tim.o(.bss.htim2)
    huart1                                   0x20000488   Data          72  usart.o(.bss.huart1)
    uwTick                                   0x200004d0   Data           4  stm32f1xx_hal.o(.bss.uwTick)



==============================================================================

Memory Map of the image

  Image Entry point : 0x08000131

  Load Region LR_IROM1 (Base: 0x08000000, Size: 0x00006280, Max: 0x00010000, ABSOLUTE)

    Execution Region ER_IROM1 (Exec base: 0x08000000, Load base: 0x08000000, Size: 0x00006260, Max: 0x00010000, ABSOLUTE)

    Exec Addr    Load Addr    Size         Type   Attr      Idx    E Section Name        Object

    0x08000000   0x08000000   0x00000130   Data   RO            3    RESET               startup_stm32f10x_hd.o
    0x08000130   0x08000130   0x00000008   Code   RO         1495  * !!!main             c_w.l(__main.o)
    0x08000138   0x08000138   0x0000005c   Code   RO         1732    !!!scatter          c_w.l(__scatter.o)
    0x08000194   0x08000194   0x0000001a   Code   RO         1736    !!handler_copy      c_w.l(__scatter_copy.o)
    0x080001ae   0x080001ae   0x00000002   PAD
    0x080001b0   0x080001b0   0x00000002   Code   RO         1733    !!handler_null      c_w.l(__scatter.o)
    0x080001b2   0x080001b2   0x00000002   PAD
    0x080001b4   0x080001b4   0x0000001c   Code   RO         1738    !!handler_zi        c_w.l(__scatter_zi.o)
    0x080001d0   0x080001d0   0x00000002   Code   RO         1591    .ARM.Collect$$libinit$$00000000  c_w.l(libinit.o)
    0x080001d2   0x080001d2   0x00000000   Code   RO         1597    .ARM.Collect$$libinit$$00000002  c_w.l(libinit2.o)
    0x080001d2   0x080001d2   0x00000000   Code   RO         1599    .ARM.Collect$$libinit$$00000004  c_w.l(libinit2.o)
    0x080001d2   0x080001d2   0x00000000   Code   RO         1601    .ARM.Collect$$libinit$$00000006  c_w.l(libinit2.o)
    0x080001d2   0x080001d2   0x00000000   Code   RO         1604    .ARM.Collect$$libinit$$0000000C  c_w.l(libinit2.o)
    0x080001d2   0x080001d2   0x00000000   Code   RO         1606    .ARM.Collect$$libinit$$0000000E  c_w.l(libinit2.o)
    0x080001d2   0x080001d2   0x00000000   Code   RO         1608    .ARM.Collect$$libinit$$00000010  c_w.l(libinit2.o)
    0x080001d2   0x080001d2   0x00000000   Code   RO         1611    .ARM.Collect$$libinit$$00000013  c_w.l(libinit2.o)
    0x080001d2   0x080001d2   0x00000000   Code   RO         1613    .ARM.Collect$$libinit$$00000015  c_w.l(libinit2.o)
    0x080001d2   0x080001d2   0x00000000   Code   RO         1615    .ARM.Collect$$libinit$$00000017  c_w.l(libinit2.o)
    0x080001d2   0x080001d2   0x00000000   Code   RO         1617    .ARM.Collect$$libinit$$00000019  c_w.l(libinit2.o)
    0x080001d2   0x080001d2   0x00000000   Code   RO         1619    .ARM.Collect$$libinit$$0000001B  c_w.l(libinit2.o)
    0x080001d2   0x080001d2   0x00000000   Code   RO         1621    .ARM.Collect$$libinit$$0000001D  c_w.l(libinit2.o)
    0x080001d2   0x080001d2   0x00000000   Code   RO         1623    .ARM.Collect$$libinit$$0000001F  c_w.l(libinit2.o)
    0x080001d2   0x080001d2   0x00000000   Code   RO         1625    .ARM.Collect$$libinit$$00000021  c_w.l(libinit2.o)
    0x080001d2   0x080001d2   0x00000000   Code   RO         1627    .ARM.Collect$$libinit$$00000023  c_w.l(libinit2.o)
    0x080001d2   0x080001d2   0x00000000   Code   RO         1629    .ARM.Collect$$libinit$$00000025  c_w.l(libinit2.o)
    0x080001d2   0x080001d2   0x00000000   Code   RO         1631    .ARM.Collect$$libinit$$00000027  c_w.l(libinit2.o)
    0x080001d2   0x080001d2   0x00000000   Code   RO         1635    .ARM.Collect$$libinit$$0000002E  c_w.l(libinit2.o)
    0x080001d2   0x080001d2   0x00000000   Code   RO         1637    .ARM.Collect$$libinit$$00000030  c_w.l(libinit2.o)
    0x080001d2   0x080001d2   0x00000000   Code   RO         1639    .ARM.Collect$$libinit$$00000032  c_w.l(libinit2.o)
    0x080001d2   0x080001d2   0x00000000   Code   RO         1641    .ARM.Collect$$libinit$$00000034  c_w.l(libinit2.o)
    0x080001d2   0x080001d2   0x00000002   Code   RO         1642    .ARM.Collect$$libinit$$00000035  c_w.l(libinit2.o)
    0x080001d4   0x080001d4   0x00000002   Code   RO         1668    .ARM.Collect$$libshutdown$$00000000  c_w.l(libshutdown.o)
    0x080001d6   0x080001d6   0x00000000   Code   RO         1683    .ARM.Collect$$libshutdown$$00000002  c_w.l(libshutdown2.o)
    0x080001d6   0x080001d6   0x00000000   Code   RO         1685    .ARM.Collect$$libshutdown$$00000004  c_w.l(libshutdown2.o)
    0x080001d6   0x080001d6   0x00000000   Code   RO         1688    .ARM.Collect$$libshutdown$$00000007  c_w.l(libshutdown2.o)
    0x080001d6   0x080001d6   0x00000000   Code   RO         1691    .ARM.Collect$$libshutdown$$0000000A  c_w.l(libshutdown2.o)
    0x080001d6   0x080001d6   0x00000000   Code   RO         1693    .ARM.Collect$$libshutdown$$0000000C  c_w.l(libshutdown2.o)
    0x080001d6   0x080001d6   0x00000000   Code   RO         1696    .ARM.Collect$$libshutdown$$0000000F  c_w.l(libshutdown2.o)
    0x080001d6   0x080001d6   0x00000002   Code   RO         1697    .ARM.Collect$$libshutdown$$00000010  c_w.l(libshutdown2.o)
    0x080001d8   0x080001d8   0x00000000   Code   RO         1525    .ARM.Collect$$rtentry$$00000000  c_w.l(__rtentry.o)
    0x080001d8   0x080001d8   0x00000000   Code   RO         1556    .ARM.Collect$$rtentry$$00000002  c_w.l(__rtentry2.o)
    0x080001d8   0x080001d8   0x00000006   Code   RO         1568    .ARM.Collect$$rtentry$$00000004  c_w.l(__rtentry4.o)
    0x080001de   0x080001de   0x00000000   Code   RO         1558    .ARM.Collect$$rtentry$$00000009  c_w.l(__rtentry2.o)
    0x080001de   0x080001de   0x00000004   Code   RO         1559    .ARM.Collect$$rtentry$$0000000A  c_w.l(__rtentry2.o)
    0x080001e2   0x080001e2   0x00000000   Code   RO         1561    .ARM.Collect$$rtentry$$0000000C  c_w.l(__rtentry2.o)
    0x080001e2   0x080001e2   0x00000008   Code   RO         1562    .ARM.Collect$$rtentry$$0000000D  c_w.l(__rtentry2.o)
    0x080001ea   0x080001ea   0x00000002   Code   RO         1594    .ARM.Collect$$rtexit$$00000000  c_w.l(rtexit.o)
    0x080001ec   0x080001ec   0x00000000   Code   RO         1646    .ARM.Collect$$rtexit$$00000002  c_w.l(rtexit2.o)
    0x080001ec   0x080001ec   0x00000004   Code   RO         1647    .ARM.Collect$$rtexit$$00000003  c_w.l(rtexit2.o)
    0x080001f0   0x080001f0   0x00000006   Code   RO         1648    .ARM.Collect$$rtexit$$00000004  c_w.l(rtexit2.o)
    0x080001f6   0x080001f6   0x00000002   PAD
    0x080001f8   0x080001f8   0x00000040   Code   RO            4    .text               startup_stm32f10x_hd.o
    0x08000238   0x08000238   0x00000006   Code   RO         1493    .text               c_w.l(heapauxi.o)
    0x0800023e   0x0800023e   0x00000016   Code   RO         1526    .text               c_w.l(_rserrno.o)
    0x08000254   0x08000254   0x00000008   Code   RO         1573    .text               c_w.l(rt_errno_addr_intlibspace.o)
    0x0800025c   0x0800025c   0x00000008   Code   RO         1579    .text               c_w.l(libspace.o)
    0x08000264   0x08000264   0x0000004a   Code   RO         1582    .text               c_w.l(sys_stackheap_outer.o)
    0x080002ae   0x080002ae   0x00000012   Code   RO         1584    .text               c_w.l(exit.o)
    0x080002c0   0x080002c0   0x0000000c   Code   RO         1658    .text               c_w.l(sys_exit.o)
    0x080002cc   0x080002cc   0x00000002   Code   RO         1673    .text               c_w.l(use_no_semi.o)
    0x080002ce   0x080002ce   0x00000000   Code   RO         1675    .text               c_w.l(indicate_semi.o)
    0x080002ce   0x080002ce   0x00000002   PAD
    0x080002d0   0x080002d0   0x00000002   Code   RO           95    .text.BusFault_Handler  stm32f1xx_it.o
    0x080002d2   0x080002d2   0x00000002   PAD
    0x080002d4   0x080002d4   0x00000002   Code   RO          101    .text.DebugMon_Handler  stm32f1xx_it.o
    0x080002d6   0x080002d6   0x00000002   PAD
    0x080002d8   0x080002d8   0x0000000a   Code   RO           15    .text.Error_Handler  main.o
    0x080002e2   0x080002e2   0x00000002   PAD
    0x080002e4   0x080002e4   0x00000046   Code   RO          577    .text.HAL_DMA_Abort  stm32f1xx_hal_dma.o
    0x0800032a   0x0800032a   0x00000002   PAD
    0x0800032c   0x0800032c   0x000000b6   Code   RO          579    .text.HAL_DMA_Abort_IT  stm32f1xx_hal_dma.o
    0x080003e2   0x080003e2   0x00000002   PAD
    0x080003e4   0x080003e4   0x00000028   Code   RO          453    .text.HAL_Delay     stm32f1xx_hal.o
    0x0800040c   0x0800040c   0x0000020e   Code   RO          545    .text.HAL_GPIO_Init  stm32f1xx_hal_gpio.o
    0x0800061a   0x0800061a   0x00000002   PAD
    0x0800061c   0x0800061c   0x0000000a   Code   RO          549    .text.HAL_GPIO_ReadPin  stm32f1xx_hal_gpio.o
    0x08000626   0x08000626   0x00000002   PAD
    0x08000628   0x08000628   0x0000000a   Code   RO          551    .text.HAL_GPIO_WritePin  stm32f1xx_hal_gpio.o
    0x08000632   0x08000632   0x00000002   PAD
    0x08000634   0x08000634   0x0000000c   Code   RO          445    .text.HAL_GetTick   stm32f1xx_hal.o
    0x08000640   0x08000640   0x00000164   Code   RO          766    .text.HAL_I2C_Init  stm32f1xx_hal_i2c.o
    0x080007a4   0x080007a4   0x0000034a   Code   RO          814    .text.HAL_I2C_Mem_Read  stm32f1xx_hal_i2c.o
    0x08000aee   0x08000aee   0x00000002   PAD
    0x08000af0   0x08000af0   0x0000015c   Code   RO          810    .text.HAL_I2C_Mem_Write  stm32f1xx_hal_i2c.o
    0x08000c4c   0x08000c4c   0x0000006a   Code   RO           41    .text.HAL_I2C_MspInit  i2c.o
    0x08000cb6   0x08000cb6   0x00000002   PAD
    0x08000cb8   0x08000cb8   0x0000001a   Code   RO          443    .text.HAL_IncTick   stm32f1xx_hal.o
    0x08000cd2   0x08000cd2   0x00000002   PAD
    0x08000cd4   0x08000cd4   0x00000026   Code   RO          433    .text.HAL_Init      stm32f1xx_hal.o
    0x08000cfa   0x08000cfa   0x00000002   PAD
    0x08000cfc   0x08000cfc   0x00000048   Code   RO          435    .text.HAL_InitTick  stm32f1xx_hal.o
    0x08000d44   0x08000d44   0x00000032   Code   RO          126    .text.HAL_MspInit   stm32f1xx_hal_msp.o
    0x08000d76   0x08000d76   0x00000002   PAD
    0x08000d78   0x08000d78   0x00000022   Code   RO          605    .text.HAL_NVIC_EnableIRQ  stm32f1xx_hal_cortex.o
    0x08000d9a   0x08000d9a   0x00000002   PAD
    0x08000d9c   0x08000d9c   0x00000056   Code   RO          603    .text.HAL_NVIC_SetPriority  stm32f1xx_hal_cortex.o
    0x08000df2   0x08000df2   0x00000002   PAD
    0x08000df4   0x08000df4   0x00000020   Code   RO          601    .text.HAL_NVIC_SetPriorityGrouping  stm32f1xx_hal_cortex.o
    0x08000e14   0x08000e14   0x00000014   Code   RO          199    .text.HAL_PCD_DataInStageCallback  usbd_conf.o
    0x08000e28   0x08000e28   0x00000016   Code   RO          197    .text.HAL_PCD_DataOutStageCallback  usbd_conf.o
    0x08000e3e   0x08000e3e   0x00000002   PAD
    0x08000e40   0x08000e40   0x00000060   Code   RO          333    .text.HAL_PCD_EP_ClrStall  stm32f1xx_hal_pcd.o
    0x08000ea0   0x08000ea0   0x0000005c   Code   RO          321    .text.HAL_PCD_EP_Open  stm32f1xx_hal_pcd.o
    0x08000efc   0x08000efc   0x00000032   Code   RO          325    .text.HAL_PCD_EP_Receive  stm32f1xx_hal_pcd.o
    0x08000f2e   0x08000f2e   0x00000002   PAD
    0x08000f30   0x08000f30   0x0000006c   Code   RO          331    .text.HAL_PCD_EP_SetStall  stm32f1xx_hal_pcd.o
    0x08000f9c   0x08000f9c   0x00000036   Code   RO          329    .text.HAL_PCD_EP_Transmit  stm32f1xx_hal_pcd.o
    0x08000fd2   0x08000fd2   0x00000002   PAD
    0x08000fd4   0x08000fd4   0x0000093a   Code   RO          289    .text.HAL_PCD_IRQHandler  stm32f1xx_hal_pcd.o
    0x0800190e   0x0800190e   0x00000002   PAD
    0x08001910   0x08001910   0x00000024   Code   RO          203    .text.HAL_PCD_ResetCallback  usbd_conf.o
    0x08001934   0x08001934   0x00000008   Code   RO          207    .text.HAL_PCD_ResumeCallback  usbd_conf.o
    0x0800193c   0x0800193c   0x00000008   Code   RO          201    .text.HAL_PCD_SOFCallback  usbd_conf.o
    0x08001944   0x08001944   0x00000028   Code   RO          293    .text.HAL_PCD_SetAddress  stm32f1xx_hal_pcd.o
    0x0800196c   0x0800196c   0x0000000e   Code   RO          195    .text.HAL_PCD_SetupStageCallback  usbd_conf.o
    0x0800197a   0x0800197a   0x00000002   PAD
    0x0800197c   0x0800197c   0x00000026   Code   RO          205    .text.HAL_PCD_SuspendCallback  usbd_conf.o
    0x080019a2   0x080019a2   0x00000002   PAD
    0x080019a4   0x080019a4   0x000001ba   Code   RO          497    .text.HAL_RCC_ClockConfig  stm32f1xx_hal_rcc.o
    0x08001b5e   0x08001b5e   0x00000002   PAD
    0x08001b60   0x08001b60   0x00000026   Code   RO          509    .text.HAL_RCC_GetPCLK1Freq  stm32f1xx_hal_rcc.o
    0x08001b86   0x08001b86   0x00000002   PAD
    0x08001b88   0x08001b88   0x00000400   Code   RO          495    .text.HAL_RCC_OscConfig  stm32f1xx_hal_rcc.o
    0x08001f88   0x08001f88   0x0000002c   Code   RO          613    .text.HAL_SYSTICK_Config  stm32f1xx_hal_cortex.o
    0x08001fb4   0x08001fb4   0x00000002   Code   RO         1209    .text.HAL_TIMEx_BreakCallback  stm32f1xx_hal_tim_ex.o
    0x08001fb6   0x08001fb6   0x00000002   PAD
    0x08001fb8   0x08001fb8   0x00000002   Code   RO         1205    .text.HAL_TIMEx_CommutCallback  stm32f1xx_hal_tim_ex.o
    0x08001fba   0x08001fba   0x00000002   PAD
    0x08001fbc   0x08001fbc   0x0000007e   Code   RO         1199    .text.HAL_TIMEx_MasterConfigSynchronization  stm32f1xx_hal_tim_ex.o
    0x0800203a   0x0800203a   0x00000002   PAD
    0x0800203c   0x0800203c   0x000000fa   Code   RO          904    .text.HAL_TIM_Base_Init  stm32f1xx_hal_tim.o
    0x08002136   0x08002136   0x00000002   PAD
    0x08002138   0x08002138   0x00000080   Code   RO           60    .text.HAL_TIM_Base_MspInit  tim.o
    0x080021b8   0x080021b8   0x000001a0   Code   RO         1084    .text.HAL_TIM_ConfigClockSource  stm32f1xx_hal_tim.o
    0x08002358   0x08002358   0x00000002   Code   RO         1040    .text.HAL_TIM_IC_CaptureCallback  stm32f1xx_hal_tim.o
    0x0800235a   0x0800235a   0x00000002   PAD
    0x0800235c   0x0800235c   0x0000014e   Code   RO         1038    .text.HAL_TIM_IRQHandler  stm32f1xx_hal_tim.o
    0x080024aa   0x080024aa   0x00000002   PAD
    0x080024ac   0x080024ac   0x00000002   Code   RO         1042    .text.HAL_TIM_OC_DelayElapsedCallback  stm32f1xx_hal_tim.o
    0x080024ae   0x080024ae   0x00000002   PAD
    0x080024b0   0x080024b0   0x00000204   Code   RO         1058    .text.HAL_TIM_PWM_ConfigChannel  stm32f1xx_hal_tim.o
    0x080026b4   0x080026b4   0x000000fa   Code   RO          958    .text.HAL_TIM_PWM_Init  stm32f1xx_hal_tim.o
    0x080027ae   0x080027ae   0x00000002   PAD
    0x080027b0   0x080027b0   0x00000002   Code   RO          960    .text.HAL_TIM_PWM_MspInit  stm32f1xx_hal_tim.o
    0x080027b2   0x080027b2   0x00000002   PAD
    0x080027b4   0x080027b4   0x00000002   Code   RO         1044    .text.HAL_TIM_PWM_PulseFinishedCallback  stm32f1xx_hal_tim.o
    0x080027b6   0x080027b6   0x00000002   PAD
    0x080027b8   0x080027b8   0x000000da   Code   RO          966    .text.HAL_TIM_PWM_Start  stm32f1xx_hal_tim.o
    0x08002892   0x08002892   0x00000002   PAD
    0x08002894   0x08002894   0x00000002   Code   RO         1046    .text.HAL_TIM_PeriodElapsedCallback  stm32f1xx_hal_tim.o
    0x08002896   0x08002896   0x00000002   PAD
    0x08002898   0x08002898   0x00000002   Code   RO         1048    .text.HAL_TIM_TriggerCallback  stm32f1xx_hal_tim.o
    0x0800289a   0x0800289a   0x00000002   PAD
    0x0800289c   0x0800289c   0x00000002   Code   RO         1307    .text.HAL_UARTEx_RxEventCallback  stm32f1xx_hal_uart.o
    0x0800289e   0x0800289e   0x00000002   PAD
    0x080028a0   0x080028a0   0x00000002   Code   RO         1305    .text.HAL_UART_ErrorCallback  stm32f1xx_hal_uart.o
    0x080028a2   0x080028a2   0x00000002   PAD
    0x080028a4   0x080028a4   0x00000570   Code   RO         1299    .text.HAL_UART_IRQHandler  stm32f1xx_hal_uart.o
    0x08002e14   0x08002e14   0x00000002   Code   RO         1313    .text.HAL_UART_RxCpltCallback  stm32f1xx_hal_uart.o
    0x08002e16   0x08002e16   0x00000002   PAD
    0x08002e18   0x08002e18   0x00000002   Code   RO         1309    .text.HAL_UART_TxCpltCallback  stm32f1xx_hal_uart.o
    0x08002e1a   0x08002e1a   0x00000002   PAD
    0x08002e1c   0x08002e1c   0x00000002   Code   RO           91    .text.HardFault_Handler  stm32f1xx_it.o
    0x08002e1e   0x08002e1e   0x00000002   PAD
    0x08002e20   0x08002e20   0x00000112   Code   RO          816    .text.I2C_RequestMemoryRead  stm32f1xx_hal_i2c.o
    0x08002f32   0x08002f32   0x00000002   PAD
    0x08002f34   0x08002f34   0x000000c8   Code   RO          812    .text.I2C_RequestMemoryWrite  stm32f1xx_hal_i2c.o
    0x08002ffc   0x08002ffc   0x000000ba   Code   RO          780    .text.I2C_WaitOnBTFFlagUntilTimeout  stm32f1xx_hal_i2c.o
    0x080030b6   0x080030b6   0x00000002   PAD
    0x080030b8   0x080030b8   0x000001ca   Code   RO          776    .text.I2C_WaitOnFlagUntilTimeout  stm32f1xx_hal_i2c.o
    0x08003282   0x08003282   0x00000002   PAD
    0x08003284   0x08003284   0x000000d6   Code   RO          894    .text.I2C_WaitOnMasterAddressFlagUntilTimeout  stm32f1xx_hal_i2c.o
    0x0800335a   0x0800335a   0x00000002   PAD
    0x0800335c   0x0800335c   0x00000090   Code   RO          784    .text.I2C_WaitOnRXNEFlagUntilTimeout  stm32f1xx_hal_i2c.o
    0x080033ec   0x080033ec   0x000000ba   Code   RO          778    .text.I2C_WaitOnTXEFlagUntilTimeout  stm32f1xx_hal_i2c.o
    0x080034a6   0x080034a6   0x00000002   PAD
    0x080034a8   0x080034a8   0x00000104   Code   RO           17    .text.MPU6050_ProcessData  main.o
    0x080035ac   0x080035ac   0x000000dc   Code   RO           30    .text.MX_GPIO_Init  gpio.o
    0x08003688   0x08003688   0x00000042   Code   RO           39    .text.MX_I2C1_Init  i2c.o
    0x080036ca   0x080036ca   0x00000002   PAD
    0x080036cc   0x080036cc   0x0000011a   Code   RO           56    .text.MX_TIM2_Init  tim.o
    0x080037e6   0x080037e6   0x00000002   PAD
    0x080037e8   0x080037e8   0x00000002   Code   RO           93    .text.MemManage_Handler  stm32f1xx_it.o
    0x080037ea   0x080037ea   0x00000002   PAD
    0x080037ec   0x080037ec   0x00000002   Code   RO           89    .text.NMI_Handler   stm32f1xx_it.o
    0x080037ee   0x080037ee   0x00000002   PAD
    0x080037f0   0x080037f0   0x00000002   Code   RO          103    .text.PendSV_Handler  stm32f1xx_it.o
    0x080037f2   0x080037f2   0x00000002   PAD
    0x080037f4   0x080037f4   0x00000002   Code   RO           99    .text.SVC_Handler   stm32f1xx_it.o
    0x080037f6   0x080037f6   0x00000002   PAD
    0x080037f8   0x080037f8   0x00000004   Code   RO          105    .text.SysTick_Handler  stm32f1xx_it.o
    0x080037fc   0x080037fc   0x00000002   Code   RO         1343    .text.SystemInit    system_stm32f1xx.o
    0x080037fe   0x080037fe   0x00000002   PAD
    0x08003800   0x08003800   0x0000000c   Code   RO          113    .text.TIM1_CC_IRQHandler  stm32f1xx_it.o
    0x0800380c   0x0800380c   0x0000000c   Code   RO          111    .text.TIM1_TRG_COM_IRQHandler  stm32f1xx_it.o
    0x08003818   0x08003818   0x0000000c   Code   RO          115    .text.TIM2_IRQHandler  stm32f1xx_it.o
    0x08003824   0x08003824   0x0000000c   Code   RO         1303    .text.UART_DMAAbortOnError  stm32f1xx_hal_uart.o
    0x08003830   0x08003830   0x000000fe   Code   RO         1301    .text.UART_Receive_IT  stm32f1xx_hal_uart.o
    0x0800392e   0x0800392e   0x00000002   PAD
    0x08003930   0x08003930   0x0000000c   Code   RO          117    .text.USART1_IRQHandler  stm32f1xx_it.o
    0x0800393c   0x0800393c   0x0000000e   Code   RO         1372    .text.USBD_ClrClassConfig  usbd_core.o
    0x0800394a   0x0800394a   0x00000002   PAD
    0x0800394c   0x0800394c   0x00000010   Code   RO         1433    .text.USBD_CtlContinueRx  usbd_ioreq.o
    0x0800395c   0x0800395c   0x00000010   Code   RO         1429    .text.USBD_CtlContinueSendData  usbd_ioreq.o
    0x0800396c   0x0800396c   0x00000016   Code   RO         1437    .text.USBD_CtlReceiveStatus  usbd_ioreq.o
    0x08003982   0x08003982   0x00000002   PAD
    0x08003984   0x08003984   0x0000001a   Code   RO         1427    .text.USBD_CtlSendData  usbd_ioreq.o
    0x0800399e   0x0800399e   0x00000002   PAD
    0x080039a0   0x080039a0   0x00000016   Code   RO         1435    .text.USBD_CtlSendStatus  usbd_ioreq.o
    0x080039b6   0x080039b6   0x00000002   PAD
    0x080039b8   0x080039b8   0x00000022   Code   RO          233    .text.USBD_LL_ClearStallEP  usbd_conf.o
    0x080039da   0x080039da   0x00000002   PAD
    0x080039dc   0x080039dc   0x000000ca   Code   RO         1378    .text.USBD_LL_DataInStage  usbd_core.o
    0x08003aa6   0x08003aa6   0x00000002   PAD
    0x08003aa8   0x08003aa8   0x0000007c   Code   RO         1376    .text.USBD_LL_DataOutStage  usbd_core.o
    0x08003b24   0x08003b24   0x0000002a   Code   RO          235    .text.USBD_LL_IsStallEP  usbd_conf.o
    0x08003b4e   0x08003b4e   0x00000002   PAD
    0x08003b50   0x08003b50   0x00000028   Code   RO          225    .text.USBD_LL_OpenEP  usbd_conf.o
    0x08003b78   0x08003b78   0x00000022   Code   RO          241    .text.USBD_LL_PrepareReceive  usbd_conf.o
    0x08003b9a   0x08003b9a   0x00000002   PAD
    0x08003b9c   0x08003b9c   0x00000054   Code   RO         1380    .text.USBD_LL_Reset  usbd_core.o
    0x08003bf0   0x08003bf0   0x00000014   Code   RO         1386    .text.USBD_LL_Resume  usbd_core.o
    0x08003c04   0x08003c04   0x0000001c   Code   RO         1388    .text.USBD_LL_SOF   usbd_core.o
    0x08003c20   0x08003c20   0x00000008   Code   RO         1382    .text.USBD_LL_SetSpeed  usbd_core.o
    0x08003c28   0x08003c28   0x00000022   Code   RO          237    .text.USBD_LL_SetUSBAddress  usbd_conf.o
    0x08003c4a   0x08003c4a   0x00000002   PAD
    0x08003c4c   0x08003c4c   0x0000005c   Code   RO         1374    .text.USBD_LL_SetupStage  usbd_core.o
    0x08003ca8   0x08003ca8   0x00000022   Code   RO          231    .text.USBD_LL_StallEP  usbd_conf.o
    0x08003cca   0x08003cca   0x00000002   PAD
    0x08003ccc   0x08003ccc   0x00000014   Code   RO         1384    .text.USBD_LL_Suspend  usbd_core.o
    0x08003ce0   0x08003ce0   0x00000022   Code   RO          239    .text.USBD_LL_Transmit  usbd_conf.o
    0x08003d02   0x08003d02   0x00000002   PAD
    0x08003d04   0x08003d04   0x00000016   Code   RO         1414    .text.USBD_ParseSetupRequest  usbd_ctlreq.o
    0x08003d1a   0x08003d1a   0x00000002   PAD
    0x08003d1c   0x08003d1c   0x0000001c   Code   RO         1370    .text.USBD_SetClassConfig  usbd_core.o
    0x08003d38   0x08003d38   0x000002ea   Code   RO         1406    .text.USBD_StdDevReq  usbd_ctlreq.o
    0x08004022   0x08004022   0x00000002   PAD
    0x08004024   0x08004024   0x00000148   Code   RO         1412    .text.USBD_StdEPReq  usbd_ctlreq.o
    0x0800416c   0x0800416c   0x00000054   Code   RO         1410    .text.USBD_StdItfReq  usbd_ctlreq.o
    0x080041c0   0x080041c0   0x0000027c   Code   RO          383    .text.USB_ActivateEndpoint  stm32f1xx_ll_usb.o
    0x0800443c   0x0800443c   0x00000004   Code   RO          417    .text.USB_EP0_OutStart  stm32f1xx_ll_usb.o
    0x08004440   0x08004440   0x00000074   Code   RO          393    .text.USB_EPClearStall  stm32f1xx_ll_usb.o
    0x080044b4   0x080044b4   0x00000032   Code   RO          391    .text.USB_EPSetStall  stm32f1xx_ll_usb.o
    0x080044e6   0x080044e6   0x00000002   PAD
    0x080044e8   0x080044e8   0x00000832   Code   RO          387    .text.USB_EPStartXfer  stm32f1xx_ll_usb.o
    0x08004d1a   0x08004d1a   0x00000002   PAD
    0x08004d1c   0x08004d1c   0x0000000c   Code   RO          107    .text.USB_HP_CAN1_TX_IRQHandler  stm32f1xx_it.o
    0x08004d28   0x08004d28   0x0000000c   Code   RO          109    .text.USB_LP_CAN1_RX0_IRQHandler  stm32f1xx_it.o
    0x08004d34   0x08004d34   0x00000006   Code   RO          405    .text.USB_ReadInterrupts  stm32f1xx_ll_usb.o
    0x08004d3a   0x08004d3a   0x00000002   PAD
    0x08004d3c   0x08004d3c   0x000000b4   Code   RO          423    .text.USB_ReadPMA   stm32f1xx_ll_usb.o
    0x08004df0   0x08004df0   0x0000000e   Code   RO          399    .text.USB_SetDevAddress  stm32f1xx_ll_usb.o
    0x08004dfe   0x08004dfe   0x00000002   PAD
    0x08004e00   0x08004e00   0x0000009a   Code   RO          389    .text.USB_WritePMA  stm32f1xx_ll_usb.o
    0x08004e9a   0x08004e9a   0x00000002   PAD
    0x08004e9c   0x08004e9c   0x00000002   Code   RO           97    .text.UsageFault_Handler  stm32f1xx_it.o
    0x08004e9e   0x08004e9e   0x00000002   PAD
    0x08004ea0   0x08004ea0   0x000008a0   Code   RO           11    .text.main          main.o
    0x08005740   0x08005740   0x00000026   Code   RO         1539    i.__ARM_fpclassifyf  m_ws.l(fpclassifyf.o)
    0x08005766   0x08005766   0x00000004   Code   RO         1543    i.__mathlib_flt_infnan2  m_ws.l(funder.o)
    0x0800576a   0x0800576a   0x0000000a   Code   RO         1547    i.__mathlib_flt_underflow  m_ws.l(funder.o)
    0x08005774   0x08005774   0x000002a4   Code   RO         1522    i.atan2f            m_ws.l(atan2f.o)
    0x08005a18   0x08005a18   0x000000c4   Code   RO         1497    x$fpl$fadd          fz_ws.l(faddsub_clz.o)
    0x08005adc   0x08005adc   0x0000000c   Code   RO         1592    x$fpl$fcheck1       fz_ws.l(fcheck1.o)
    0x08005ae8   0x08005ae8   0x00000054   Code   RO         1503    x$fpl$fcmp          fz_ws.l(fcmp.o)
    0x08005b3c   0x08005b3c   0x00000018   Code   RO         1575    x$fpl$fcmpinf       fz_ws.l(fcmpi.o)
    0x08005b54   0x08005b54   0x00000184   Code   RO         1506    x$fpl$fdiv          fz_ws.l(fdiv.o)
    0x08005cd8   0x08005cd8   0x00000068   Code   RO         1528    x$fpl$feqf          fz_ws.l(feqf.o)
    0x08005d40   0x08005d40   0x00000036   Code   RO         1509    x$fpl$ffix          fz_ws.l(ffix.o)
    0x08005d76   0x08005d76   0x00000002   PAD
    0x08005d78   0x08005d78   0x00000030   Code   RO         1514    x$fpl$fflt          fz_ws.l(fflt_clz.o)
    0x08005da8   0x08005da8   0x00000026   Code   RO         1513    x$fpl$ffltu         fz_ws.l(fflt_clz.o)
    0x08005dce   0x08005dce   0x00000002   PAD
    0x08005dd0   0x08005dd0   0x00000068   Code   RO         1530    x$fpl$fgeqf         fz_ws.l(fgeqf.o)
    0x08005e38   0x08005e38   0x00000068   Code   RO         1532    x$fpl$fleqf         fz_ws.l(fleqf.o)
    0x08005ea0   0x08005ea0   0x00000102   Code   RO         1519    x$fpl$fmul          fz_ws.l(fmul.o)
    0x08005fa2   0x08005fa2   0x0000008c   Code   RO         1534    x$fpl$fnaninf       fz_ws.l(fnaninf.o)
    0x0800602e   0x0800602e   0x0000000a   Code   RO         1536    x$fpl$fretinf       fz_ws.l(fretinf.o)
    0x08006038   0x08006038   0x00000014   Code   RO         1498    x$fpl$frsb          fz_ws.l(faddsub_clz.o)
    0x0800604c   0x0800604c   0x000000ea   Code   RO         1499    x$fpl$fsub          fz_ws.l(faddsub_clz.o)
    0x08006136   0x08006136   0x00000064   Code   RO         1643    x$fpl$retnan        fz_ws.l(retnan.o)
    0x0800619a   0x0800619a   0x0000004c   Code   RO         1577    x$fpl$scalbnf       fz_ws.l(scalbnf.o)
    0x080061e6   0x080061e6   0x00000030   Code   RO         1656    x$fpl$trapveneer    fz_ws.l(trapv.o)
    0x08006216   0x08006216   0x00000000   Code   RO         1538    x$fpl$usenofp       fz_ws.l(usenofp.o)
    0x08006216   0x08006216   0x00000010   Data   RO         1348    .rodata.AHBPrescTable  system_stm32f1xx.o
    0x08006226   0x08006226   0x00000008   Data   RO         1349    .rodata.APBPrescTable  system_stm32f1xx.o
    0x0800622e   0x0800622e   0x00000002   Data   RO          522    .rodata.HAL_RCC_GetSysClockFreq.aPredivFactorTable  stm32f1xx_hal_rcc.o
    0x08006230   0x08006230   0x00000010   Data   RO          521    .rodata.cst16       stm32f1xx_hal_rcc.o
    0x08006240   0x08006240   0x00000020   Data   RO         1731    Region$$Table       anon$$obj.o


    Execution Region RW_IRAM1 (Exec base: 0x20000000, Load base: 0x08006260, Size: 0x00000ad8, Max: 0x00005000, ABSOLUTE)

    Exec Addr    Load Addr    Size         Type   Attr      Idx    E Section Name        Object

    0x20000000   0x08006260   0x00000014   Data   RW           20    .data..L_MergedGlobals  main.o
    0x20000014   0x08006274   0x00000008   Data   RW          484    .data..L_MergedGlobals  stm32f1xx_hal.o
    0x2000001c   0x0800627c   0x00000004   Data   RW         1347    .data.SystemCoreClock  system_stm32f1xx.o
    0x20000020        -       0x00000060   Zero   RW         1580    .bss                c_w.l(libspace.o)
    0x20000080        -       0x00000048   Zero   RW           21    .bss..L_MergedGlobals.2  main.o
    0x200000c8        -       0x00000001   Zero   RW         1418    .bss.USBD_SetConfig.cfgidx  usbd_ctlreq.o
    0x200000c9   0x08006280   0x00000003   PAD
    0x200000cc        -       0x00000054   Zero   RW           45    .bss.hi2c1          i2c.o
    0x20000120        -       0x000002d8   Zero   RW          253    .bss.hpcd_USB_FS    usbd_conf.o
    0x200003f8        -       0x00000048   Zero   RW           64    .bss.htim1          tim.o
    0x20000440        -       0x00000048   Zero   RW           65    .bss.htim2          tim.o
    0x20000488        -       0x00000048   Zero   RW           80    .bss.huart1         usart.o
    0x200004d0        -       0x00000004   Zero   RW          483    .bss.uwTick         stm32f1xx_hal.o
    0x200004d4   0x08006280   0x00000004   PAD
    0x200004d8        -       0x00000200   Zero   RW            2    HEAP                startup_stm32f10x_hd.o
    0x200006d8        -       0x00000400   Zero   RW            1    STACK               startup_stm32f10x_hd.o


==============================================================================

Image component sizes


      Code (inc. data)   RO Data    RW Data    ZI Data      Debug   Object Name

       220          0          0          0          0       1611   gpio.o
       172          0          0          0         84       4470   i2c.o
      2478          0          0         20         72      12315   main.o
        64         26        304          0       1536        784   startup_stm32f10x_hd.o
       188          0          0          8          4       5756   stm32f1xx_hal.o
       196          0          0          0          0       8411   stm32f1xx_hal_cortex.o
       252          0          0          0          0       8559   stm32f1xx_hal_dma.o
       546         22          0          0          0       4753   stm32f1xx_hal_gpio.o
      3208          0          0          0          0      45105   stm32f1xx_hal_i2c.o
        50          0          0          0          0        938   stm32f1xx_hal_msp.o
      2802          0          0          0          0      17466   stm32f1xx_hal_pcd.o
      1504          0         18          0          0       8064   stm32f1xx_hal_rcc.o
      1996          6          0          0          0      58568   stm32f1xx_hal_tim.o
       130          0          0          0          0      21209   stm32f1xx_hal_tim_ex.o
      1666          0          0          0          0      33149   stm32f1xx_hal_uart.o
        92          0          0          0          0       7905   stm32f1xx_it.o
      3258          6          0          0          0      23362   stm32f1xx_ll_usb.o
         2          0         24          4          0       1575   system_stm32f1xx.o
       410          0          0          0        144       7399   tim.o
         0          0          0          0         72       5328   usart.o
       398          0          0          0        728      16162   usbd_conf.o
       620          0          0          0          0       7924   usbd_core.o
      1180         40          0          0          1       9211   usbd_ctlreq.o
       102          0          0          0          0       4415   usbd_ioreq.o

    ----------------------------------------------------------------------
     21680        100        378         32       2648     314439   Object Totals
         0          0         32          0          0          0   (incl. Generated)
       146          0          0          0          7          0   (incl. Padding)

    ----------------------------------------------------------------------

      Code (inc. data)   RO Data    RW Data    ZI Data      Debug   Library Member Name

         8          0          0          0          0         68   __main.o
         0          0          0          0          0          0   __rtentry.o
        12          0          0          0          0          0   __rtentry2.o
         6          0          0          0          0          0   __rtentry4.o
        94          8          0          0          0          0   __scatter.o
        26          0          0          0          0          0   __scatter_copy.o
        28          0          0          0          0          0   __scatter_zi.o
        22          0          0          0          0        100   _rserrno.o
        18          0          0          0          0         80   exit.o
         6          0          0          0          0        152   heapauxi.o
         0          0          0          0          0          0   indicate_semi.o
         2          0          0          0          0          0   libinit.o
         2          0          0          0          0          0   libinit2.o
         2          0          0          0          0          0   libshutdown.o
         2          0          0          0          0          0   libshutdown2.o
         8          4          0          0         96         68   libspace.o
         8          4          0          0          0         68   rt_errno_addr_intlibspace.o
         2          0          0          0          0          0   rtexit.o
        10          0          0          0          0          0   rtexit2.o
        12          4          0          0          0         68   sys_exit.o
        74          0          0          0          0         80   sys_stackheap_outer.o
         2          0          0          0          0         68   use_no_semi.o
       450          8          0          0          0        236   faddsub_clz.o
        12          4          0          0          0         68   fcheck1.o
        84          0          0          0          0        196   fcmp.o
        24          0          0          0          0         68   fcmpi.o
       388         76          0          0          0         96   fdiv.o
       104          4          0          0          0         84   feqf.o
        54          4          0          0          0         84   ffix.o
        86          0          0          0          0        136   fflt_clz.o
       104          4          0          0          0         84   fgeqf.o
       104          4          0          0          0         84   fleqf.o
       258          4          0          0          0         84   fmul.o
       140          4          0          0          0         84   fnaninf.o
        10          0          0          0          0         68   fretinf.o
       100          0          0          0          0         68   retnan.o
        76          0          0          0          0         68   scalbnf.o
        48          0          0          0          0         68   trapv.o
         0          0          0          0          0          0   usenofp.o
       676         78          0          0          0        116   atan2f.o
        38          0          0          0          0         68   fpclassifyf.o
        14          0          0          0          0        136   funder.o

    ----------------------------------------------------------------------
      3126        210          0          0         96       2648   Library Totals
        12          0          0          0          0          0   (incl. Padding)

    ----------------------------------------------------------------------

      Code (inc. data)   RO Data    RW Data    ZI Data      Debug   Library Name

       344         20          0          0         96        752   c_w.l
      2042        112          0          0          0       1576   fz_ws.l
       728         78          0          0          0        320   m_ws.l

    ----------------------------------------------------------------------
      3126        210          0          0         96       2648   Library Totals

    ----------------------------------------------------------------------

==============================================================================


      Code (inc. data)   RO Data    RW Data    ZI Data      Debug   

     24806        310        378         32       2744     315327   Grand Totals
     24806        310        378         32       2744     315327   ELF Image Totals
     24806        310        378         32          0          0   ROM Totals

==============================================================================

    Total RO  Size (Code + RO Data)                25184 (  24.59kB)
    Total RW  Size (RW Data + ZI Data)              2776 (   2.71kB)
    Total ROM Size (Code + RO Data + RW Data)      25216 (  24.62kB)

==============================================================================

